 *******************************************************************************
 ** Site#: 29200        For non-commercial use only    Version 19.090L 64BITS **
 *******************************************************************************
 ** Cite this program as: MOPAC2016, Version: 19.090L, James J. P. Stewart,   **
 ** Stewart Computational Chemistry, web: HTTP://OpenMOPAC.net. Days left: 174**
 *******************************************************************************
 **                                                                           **
 **                                MOPAC2016                                  **
 **                                                                           **
 *******************************************************************************

                              PM7 CALCULATION RESULTS

 *******************************************************************************
 *  CALCULATION DONE:                                Tue Oct  8 20:09:00 2019  *
 *  CHARGES    - IDENTIFY AND PRINT CHARGED ATOMS
 *  T=         - A TIME OF 172800.0 SECONDS REQUESTED
 *  DUMP=N     - RESTART FILE WRITTEN EVERY  7200.000 SECONDS
 *******************************************************************************
CHARGES


   ATOM   CHEMICAL          X               Y               Z
  NUMBER   SYMBOL      (ANGSTROMS)     (ANGSTROMS)     (ANGSTROMS)
 
     1       H          1.96021200  *   1.74857800  *   3.11822100  *
     2       C          2.26332700  *   1.14876400  *   2.44677000  *
     3       C          1.70539800  *   1.21824900  *   1.14927500  *
     4       C          3.23377600  *   0.23089400  *   2.75206900  *
     5       C          2.15189900  *   0.25569600  *   0.20448900  *
     6       N          0.76284600  *   2.18532900  *   0.82677600  *
     7       H          3.60607900  *   0.21766700  *   3.62590500  *
     8       C          3.68580900  *  -0.68933700  *   1.79560800  *
     9       C          3.13262200  *  -0.67969200  *   0.54210200  *
    10       S          1.60179400  *   0.17400700  *  -1.42891100  *
    11       C          0.10115400  *   2.26209700  *  -0.40411400  *
    12       C          0.58954000  *   3.33507700  *   1.76146000  *
    13       H          4.36841100  *  -1.31289000  *   2.01445200  *
    14       H          3.41935500  *  -1.31497700  *  -0.10361300  *
    15       C          0.38960200  *   1.39422500  *  -1.47763700  *
    16       C         -0.89932500  *   3.22819200  *  -0.60928100  *
    17       H          1.41111800  *   3.42436400  *   2.30625500  *
    18       H          0.49451800  *   4.16318700  *   1.22720000  *
    19       C         -0.59902300  *   3.22661800  *   2.69650100  *
    20       C         -0.26474000  *   1.52748600  *  -2.71028800  *
    21       H         -1.14173900  *   3.80893200  *   0.10261900  *
    22       C         -1.53470000  *   3.34590300  *  -1.82701600  *
    23       H         -1.41750300  *   3.03426500  *   2.17407000  *
    24       H         -0.72967800  *   4.08598600  *   3.17020300  *
    25       O         -0.38011900  *   2.19261200  *   3.63721000  *
    26       H         -0.05118600  *   0.93901000  *  -3.42499000  *
    27       C         -1.20990000  *   2.50165200  *  -2.88914500  *
    28       H         -2.20319600  *   4.01100900  *  -1.94445100  *
    29       C         -1.42485300  *   2.16702300  *   4.61116900  *
    30       H         -1.64125200  *   2.60190300  *  -3.72958500  *
    31       H         -1.53057500  *   3.06463700  *   5.01535700  *
    32       H         -2.28097400  *   1.91803800  *   4.18013100  *
    33       C         -1.08108600  *   1.16943200  *   5.67135500  *
    34       H         -1.69114900  *   1.27684900  *   6.44325300  *
    35       H         -0.15429200  *   1.32119700  *   5.98553000  *
    36       O         -1.19978500  *  -0.14231600  *   5.14437800  *
    37       C         -0.69701600  *  -1.11943500  *   6.04736600  *
    38       H         -0.81035600  *  -2.01205000  *   5.65900000  *
    39       H          0.25454500  *  -0.95314300  *   6.21196200  *
    40       H         -1.18911600  *  -1.06632700  *   6.89319700  *
 


          CARTESIAN COORDINATES 

    NO.       ATOM           X           Y           Z

     1         H          1.9602      1.7486      3.1182
     2         C          2.2633      1.1488      2.4468
     3         C          1.7054      1.2182      1.1493
     4         C          3.2338      0.2309      2.7521
     5         C          2.1519      0.2557      0.2045
     6         N          0.7628      2.1853      0.8268
     7         H          3.6061      0.2177      3.6259
     8         C          3.6858     -0.6893      1.7956
     9         C          3.1326     -0.6797      0.5421
    10         S          1.6018      0.1740     -1.4289
    11         C          0.1012      2.2621     -0.4041
    12         C          0.5895      3.3351      1.7615
    13         H          4.3684     -1.3129      2.0145
    14         H          3.4194     -1.3150     -0.1036
    15         C          0.3896      1.3942     -1.4776
    16         C         -0.8993      3.2282     -0.6093
    17         H          1.4111      3.4244      2.3063
    18         H          0.4945      4.1632      1.2272
    19         C         -0.5990      3.2266      2.6965
    20         C         -0.2647      1.5275     -2.7103
    21         H         -1.1417      3.8089      0.1026
    22         C         -1.5347      3.3459     -1.8270
    23         H         -1.4175      3.0343      2.1741
    24         H         -0.7297      4.0860      3.1702
    25         O         -0.3801      2.1926      3.6372
    26         H         -0.0512      0.9390     -3.4250
    27         C         -1.2099      2.5017     -2.8891
    28         H         -2.2032      4.0110     -1.9445
    29         C         -1.4249      2.1670      4.6112
    30         H         -1.6413      2.6019     -3.7296
    31         H         -1.5306      3.0646      5.0154
    32         H         -2.2810      1.9180      4.1801
    33         C         -1.0811      1.1694      5.6714
    34         H         -1.6911      1.2768      6.4433
    35         H         -0.1543      1.3212      5.9855
    36         O         -1.1998     -0.1423      5.1444
    37         C         -0.6970     -1.1194      6.0474
    38         H         -0.8104     -2.0120      5.6590
    39         H          0.2545     -0.9531      6.2120
    40         H         -1.1891     -1.0663      6.8932

 General Reference for PM7:
 "Optimization of Parameters for Semiempirical Methods VI: More Modifications to the 
 NDDO Approximations and Re-optimization of Parameters", J. J. P. Stewart, J. Mol. Mod., 1:32, 19 (2013)
 http://www.springerlink.com/openurl.asp?genre=article&id=doi:10.1007/s00894-012-1667-x

           Empirical Formula: C17 H19 N O2 S  =    40 atoms



      MOLECULAR POINT GROUP   :   C1  

          COMPUTED CHARGE ON SYSTEM: +0

   COMPUTED CHARGE ON SYSTEM = +0. THIS AGREES WITH THE CHARGE IN THE DATA-SET.

          JOB STOPPED HERE BECAUSE KEYWORD "CHARGES" WAS USED

 ******************************************************************************
 *                                                                            *
 *     Error and normal termination messages reported in this calculation     *
 *                                                                            *
 * JOB STOPPED HERE BECAUSE KEYWORD "CHARGES" WAS USED                        *
 * JOB ENDED NORMALLY                                                         *
 *                                                                            *
 ******************************************************************************



 TOTAL JOB TIME:             0.00 SECONDS

 == MOPAC DONE ==
