 *******************************************************************************
 ** Site#: 29200        For non-commercial use only    Version 19.090L 64BITS **
 *******************************************************************************
 ** Cite this program as: MOPAC2016, Version: 19.090L, James J. P. Stewart,   **
 ** Stewart Computational Chemistry, web: HTTP://OpenMOPAC.net. Days left: 174**
 *******************************************************************************
 **                                                                           **
 **                                MOPAC2016                                  **
 **                                                                           **
 *******************************************************************************

                              PM7 CALCULATION RESULTS

 *******************************************************************************
 *  CALCULATION DONE:                                Tue Oct  8 20:08:59 2019  *
 *  CHARGES    - IDENTIFY AND PRINT CHARGED ATOMS
 *  T=         - A TIME OF 172800.0 SECONDS REQUESTED
 *  DUMP=N     - RESTART FILE WRITTEN EVERY  7200.000 SECONDS
 *******************************************************************************
CHARGES


   ATOM   CHEMICAL          X               Y               Z
  NUMBER   SYMBOL      (ANGSTROMS)     (ANGSTROMS)     (ANGSTROMS)
 
     1       H          1.96021200  *   8.09347200  *  10.67162100  *
     2       C          2.26332700  *   8.69328600  *  10.00017000  *
     3       C          1.70539800  *   8.62380100  *   8.70267500  *
     4       C          3.23377600  *   9.61115600  *  10.30546900  *
     5       C          2.15189900  *   9.58635400  *   7.75788900  *
     6       N          0.76284600  *   7.65672100  *   8.38017600  *
     7       H          3.60607900  *   9.62438300  *  11.17930500  *
     8       C          3.68580900  *  10.53138700  *   9.34900800  *
     9       C          3.13262200  *  10.52174200  *   8.09550200  *
    10       S          1.60179400  *   9.66804300  *   6.12448900  *
    11       C          0.10115400  *   7.57995300  *   7.14928600  *
    12       C          0.58954000  *   6.50697300  *   9.31486000  *
    13       H          4.36841100  *  11.15494000  *   9.56785200  *
    14       H          3.41935500  *  11.15702700  *   7.44978700  *
    15       C          0.38960200  *   8.44782500  *   6.07576300  *
    16       C         -0.89932500  *   6.61385800  *   6.94411900  *
    17       H          1.41111800  *   6.41768600  *   9.85965500  *
    18       H          0.49451800  *   5.67886300  *   8.78060000  *
    19       C         -0.59902300  *   6.61543200  *  10.24990100  *
    20       C         -0.26474000  *   8.31456400  *   4.84311200  *
    21       H         -1.14173900  *   6.03311800  *   7.65601900  *
    22       C         -1.53470000  *   6.49614700  *   5.72638400  *
    23       H         -1.41750300  *   6.80778500  *   9.72747000  *
    24       H         -0.72967800  *   5.75606400  *  10.72360300  *
    25       O         -0.38011900  *   7.64943800  *  11.19061000  *
    26       H         -0.05118600  *   8.90304000  *   4.12841000  *
    27       C         -1.20990000  *   7.34039800  *   4.66425500  *
    28       H         -2.20319600  *   5.83104100  *   5.60894900  *
    29       C         -1.42485300  *   7.67502700  *  12.16456900  *
    30       H         -1.64125200  *   7.24014700  *   3.82381500  *
    31       H         -1.53057500  *   6.77741300  *  12.56875700  *
    32       H         -2.28097400  *   7.92401200  *  11.73353100  *
    33       C         -1.08108600  *   8.67261800  *  13.22475500  *
    34       H         -1.69114900  *   8.56520100  *  13.99665300  *
    35       H         -0.15429200  *   8.52085300  *  13.53893000  *
    36       O         -1.19978500  *   9.98436600  *  12.69777800  *
    37       C         -0.69701600  *  10.96148500  *  13.60076600  *
    38       H         -0.81035600  *  11.85410000  *  13.21240000  *
    39       H          0.25454500  *  10.79519300  *  13.76536200  *
    40       H         -1.18911600  *  10.90837700  *  14.44659700  *
 


          CARTESIAN COORDINATES 

    NO.       ATOM           X           Y           Z

     1         H          1.9602      8.0935     10.6716
     2         C          2.2633      8.6933     10.0002
     3         C          1.7054      8.6238      8.7027
     4         C          3.2338      9.6112     10.3055
     5         C          2.1519      9.5864      7.7579
     6         N          0.7628      7.6567      8.3802
     7         H          3.6061      9.6244     11.1793
     8         C          3.6858     10.5314      9.3490
     9         C          3.1326     10.5217      8.0955
    10         S          1.6018      9.6680      6.1245
    11         C          0.1012      7.5800      7.1493
    12         C          0.5895      6.5070      9.3149
    13         H          4.3684     11.1549      9.5679
    14         H          3.4194     11.1570      7.4498
    15         C          0.3896      8.4478      6.0758
    16         C         -0.8993      6.6139      6.9441
    17         H          1.4111      6.4177      9.8597
    18         H          0.4945      5.6789      8.7806
    19         C         -0.5990      6.6154     10.2499
    20         C         -0.2647      8.3146      4.8431
    21         H         -1.1417      6.0331      7.6560
    22         C         -1.5347      6.4961      5.7264
    23         H         -1.4175      6.8078      9.7275
    24         H         -0.7297      5.7561     10.7236
    25         O         -0.3801      7.6494     11.1906
    26         H         -0.0512      8.9030      4.1284
    27         C         -1.2099      7.3404      4.6643
    28         H         -2.2032      5.8310      5.6089
    29         C         -1.4249      7.6750     12.1646
    30         H         -1.6413      7.2401      3.8238
    31         H         -1.5306      6.7774     12.5688
    32         H         -2.2810      7.9240     11.7335
    33         C         -1.0811      8.6726     13.2248
    34         H         -1.6911      8.5652     13.9967
    35         H         -0.1543      8.5209     13.5389
    36         O         -1.1998      9.9844     12.6978
    37         C         -0.6970     10.9615     13.6008
    38         H         -0.8104     11.8541     13.2124
    39         H          0.2545     10.7952     13.7654
    40         H         -1.1891     10.9084     14.4466

 General Reference for PM7:
 "Optimization of Parameters for Semiempirical Methods VI: More Modifications to the 
 NDDO Approximations and Re-optimization of Parameters", J. J. P. Stewart, J. Mol. Mod., 1:32, 19 (2013)
 http://www.springerlink.com/openurl.asp?genre=article&id=doi:10.1007/s00894-012-1667-x

           Empirical Formula: C17 H19 N O2 S  =    40 atoms



      MOLECULAR POINT GROUP   :   C1  

          COMPUTED CHARGE ON SYSTEM: +0

   COMPUTED CHARGE ON SYSTEM = +0. THIS AGREES WITH THE CHARGE IN THE DATA-SET.

          JOB STOPPED HERE BECAUSE KEYWORD "CHARGES" WAS USED

 ******************************************************************************
 *                                                                            *
 *     Error and normal termination messages reported in this calculation     *
 *                                                                            *
 * JOB STOPPED HERE BECAUSE KEYWORD "CHARGES" WAS USED                        *
 * JOB ENDED NORMALLY                                                         *
 *                                                                            *
 ******************************************************************************



 TOTAL JOB TIME:             0.00 SECONDS

 == MOPAC DONE ==
