 *******************************************************************************
 ** Site#: 29200        For non-commercial use only    Version 19.090L 64BITS **
 *******************************************************************************
 ** Cite this program as: MOPAC2016, Version: 19.090L, James J. P. Stewart,   **
 ** Stewart Computational Chemistry, web: HTTP://OpenMOPAC.net. Days left: 175**
 *******************************************************************************
 **                                                                           **
 **                                MOPAC2016                                  **
 **                                                                           **
 *******************************************************************************

                              PM7 CALCULATION RESULTS

 *******************************************************************************
 *  CALCULATION DONE:                                Mon Oct  7 21:32:32 2019  *
 *  CHARGES    - IDENTIFY AND PRINT CHARGED ATOMS
 *  T=         - A TIME OF 172800.0 SECONDS REQUESTED
 *  DUMP=N     - RESTART FILE WRITTEN EVERY  7200.000 SECONDS
 *******************************************************************************
CHARGES


   ATOM   CHEMICAL          X               Y               Z
  NUMBER   SYMBOL      (ANGSTROMS)     (ANGSTROMS)     (ANGSTROMS)
 
     1       H          6.02975300  *   6.11973800  *  12.42536100  *
     2       C          5.90668800  *   5.59550700  *  11.64272600  *
     3       C          5.53891300  *   6.22823100  *  10.43289200  *
     4       C          6.08848600  *   4.23434500  *  11.70504900  *
     5       C          5.36554300  *   5.39545900  *   9.29908200  *
     6       N          5.37383200  *   7.61031000  *  10.37337400  *
     7       H          6.34598400  *   3.83527600  *  12.52788600  *
     8       C          5.90111500  *   3.42566000  *  10.57735400  *
     9       C          5.54518200  *   4.00843500  *   9.38478100  *
    10       S          5.00508200  *   5.98267100  *   7.71619700  *
    11       C          4.95653300  *   8.30553300  *   9.24038400  *
    12       C          5.77295100  *   8.39440100  *  11.57635800  *
    13       H          6.01814900  *   2.48470000  *  10.63602200  *
    14       H          5.42004100  *   3.46767300  *   8.61387700  *
    15       C          4.79005900  *   7.67065400  *   7.98380700  *
    16       C          4.68216400  *   9.69204900  *   9.30978000  *
    17       H          6.55573400  *   7.95921500  *  11.99777100  *
    18       H          6.04904700  *   9.30125900  *  11.29113800  *
    19       C          4.66753700  *   8.51927200  *  12.60579000  *
    20       C          4.44185700  *   8.41455800  *   6.84443500  *
    21       H          4.75916000  *  10.14611200  *  10.14068100  *
    22       C          4.30463800  *  10.38714600  *   8.18664800  *
    23       H          5.02166000  *   8.93006800  *  13.43409600  *
    24       H          4.31121300  *   7.62324100  *  12.82988300  *
    25       O          3.63888200  *   9.32821100  *  12.06584200  *
    26       H          4.37357500  *   7.98132400  *   6.00181500  *
    27       C          4.19876300  *   9.76000000  *   6.93800400  *
    28       H          4.11088000  *  11.31446500  *   8.25821800  *
    29       C          2.74995300  *   9.84988200  *  13.05267800  *
    30       H          3.96160400  *  10.26107000  *   6.16656300  *
    31       H          2.08905900  *   9.15969200  *  13.31167600  *
    32       H          3.25805400  *  10.11359500  *  13.86042900  *
    33       C          2.04853400  *  11.03964600  *  12.47897200  *
    34       H          2.70928900  *  11.65911000  *  12.07967500  *
    35       H          1.56431100  *  11.52199200  *  13.19542600  *
    36       O          1.12714600  *  10.60494200  *  11.48036900  *
    37       C          0.73972900  *  11.68289300  *  10.65142400  *
    38       H          0.41285500  *  12.42111700  *  11.20718000  *
    39       H          1.51004300  *  11.98509400  *  10.12684100  *
    40       H          0.02681700  *  11.38960300  *  10.04613900  *
 


          CARTESIAN COORDINATES 

    NO.       ATOM           X           Y           Z

     1         H          6.0298      6.1197     12.4254
     2         C          5.9067      5.5955     11.6427
     3         C          5.5389      6.2282     10.4329
     4         C          6.0885      4.2343     11.7050
     5         C          5.3655      5.3955      9.2991
     6         N          5.3738      7.6103     10.3734
     7         H          6.3460      3.8353     12.5279
     8         C          5.9011      3.4257     10.5774
     9         C          5.5452      4.0084      9.3848
    10         S          5.0051      5.9827      7.7162
    11         C          4.9565      8.3055      9.2404
    12         C          5.7730      8.3944     11.5764
    13         H          6.0181      2.4847     10.6360
    14         H          5.4200      3.4677      8.6139
    15         C          4.7901      7.6707      7.9838
    16         C          4.6822      9.6920      9.3098
    17         H          6.5557      7.9592     11.9978
    18         H          6.0490      9.3013     11.2911
    19         C          4.6675      8.5193     12.6058
    20         C          4.4419      8.4146      6.8444
    21         H          4.7592     10.1461     10.1407
    22         C          4.3046     10.3871      8.1866
    23         H          5.0217      8.9301     13.4341
    24         H          4.3112      7.6232     12.8299
    25         O          3.6389      9.3282     12.0658
    26         H          4.3736      7.9813      6.0018
    27         C          4.1988      9.7600      6.9380
    28         H          4.1109     11.3145      8.2582
    29         C          2.7500      9.8499     13.0527
    30         H          3.9616     10.2611      6.1666
    31         H          2.0891      9.1597     13.3117
    32         H          3.2581     10.1136     13.8604
    33         C          2.0485     11.0396     12.4790
    34         H          2.7093     11.6591     12.0797
    35         H          1.5643     11.5220     13.1954
    36         O          1.1271     10.6049     11.4804
    37         C          0.7397     11.6829     10.6514
    38         H          0.4129     12.4211     11.2072
    39         H          1.5100     11.9851     10.1268
    40         H          0.0268     11.3896     10.0461

 General Reference for PM7:
 "Optimization of Parameters for Semiempirical Methods VI: More Modifications to the 
 NDDO Approximations and Re-optimization of Parameters", J. J. P. Stewart, J. Mol. Mod., 1:32, 19 (2013)
 http://www.springerlink.com/openurl.asp?genre=article&id=doi:10.1007/s00894-012-1667-x

           Empirical Formula: C17 H19 N O2 S  =    40 atoms



      MOLECULAR POINT GROUP   :   C1  

          COMPUTED CHARGE ON SYSTEM: +0

   COMPUTED CHARGE ON SYSTEM = +0. THIS AGREES WITH THE CHARGE IN THE DATA-SET.

          JOB STOPPED HERE BECAUSE KEYWORD "CHARGES" WAS USED

 ******************************************************************************
 *                                                                            *
 *     Error and normal termination messages reported in this calculation     *
 *                                                                            *
 * JOB STOPPED HERE BECAUSE KEYWORD "CHARGES" WAS USED                        *
 * JOB ENDED NORMALLY                                                         *
 *                                                                            *
 ******************************************************************************



 TOTAL JOB TIME:             0.00 SECONDS

 == MOPAC DONE ==
