 *******************************************************************************
 ** Site#: 29200        For non-commercial use only    Version 19.090L 64BITS **
 *******************************************************************************
 ** Cite this program as: MOPAC2016, Version: 19.090L, James J. P. Stewart,   **
 ** Stewart Computational Chemistry, web: HTTP://OpenMOPAC.net. Days left: 175**
 *******************************************************************************
 **                                                                           **
 **                                MOPAC2016                                  **
 **                                                                           **
 *******************************************************************************

                              PM7 CALCULATION RESULTS

 *******************************************************************************
 *  CALCULATION DONE:                                Mon Oct  7 22:31:21 2019  *
 *  CHARGES    - IDENTIFY AND PRINT CHARGED ATOMS
 *  T=         - A TIME OF 172800.0 SECONDS REQUESTED
 *  DUMP=N     - RESTART FILE WRITTEN EVERY  7200.000 SECONDS
 *******************************************************************************
CHARGES


   ATOM   CHEMICAL          X               Y               Z
  NUMBER   SYMBOL      (ANGSTROMS)     (ANGSTROMS)     (ANGSTROMS)
 
     1       H          5.94246600  *  17.93552200  *   9.76923100  *
     2       C          5.63935100  *  18.53533600  *  10.44068100  *
     3       C          6.19728000  *  18.46585100  *  11.73817600  *
     4       C          4.66890200  *  19.45320600  *  10.13538200  *
     5       C          5.75077900  *  19.42840400  *  12.68296200  *
     6       N          7.13983300  *  17.49877100  *  12.06067600  *
     7       H          4.29659900  *  19.46643300  *   9.26154600  *
     8       C          4.21686900  *  20.37343700  *  11.09184300  *
     9       C          4.77005700  *  20.36379200  *  12.34534900  *
    10       S          6.30088400  *  19.51009300  *  14.31636300  *
    11       C          7.80152400  *  17.42200300  *  13.29156500  *
    12       C          7.31313800  *  16.34902300  *  11.12599100  *
    13       H          3.53426700  *  20.99699000  *  10.87299900  *
    14       H          4.48332400  *  20.99907700  *  12.99106500  *
    15       C          7.51307600  *  18.28987500  *  14.36508800  *
    16       C          8.80200300  *  16.45590800  *  13.49673300  *
    17       H          6.49156000  *  16.25973600  *  10.58119700  *
    18       H          7.40816000  *  15.52091300  *  11.66025200  *
    19       C          8.50170100  *  16.45748200  *  10.19095100  *
    20       C          8.16741800  *  18.15661400  *  15.59774000  *
    21       H          9.04441800  *  15.87516800  *  12.78483200  *
    22       C          9.43737800  *  16.33819700  *  14.71446700  *
    23       H          9.32018200  *  16.64983500  *  10.71338100  *
    24       H          8.63235600  *  15.59811400  *   9.71724900  *
    25       O          8.28279700  *  17.49148800  *   9.25024200  *
    26       H          7.95386400  *  18.74509000  *  16.31244200  *
    27       C          9.11257800  *  17.18244800  *  15.77659700  *
    28       H         10.10587400  *  15.67309100  *  14.83190300  *
    29       C          9.32753100  *  17.51707700  *   8.27628200  *
    30       H          9.54393000  *  17.08219700  *  16.61703600  *
    31       H          9.43325300  *  16.61946300  *   7.87209400  *
    32       H         10.18365200  *  17.76606200  *   8.70732100  *
    33       C          8.98376500  *  18.51466800  *   7.21609600  *
    34       H          9.59382800  *  18.40725100  *   6.44419900  *
    35       H          8.05697000  *  18.36290300  *   6.90192200  *
    36       O          9.10246300  *  19.82641600  *   7.74307300  *
    37       C          8.59969400  *  20.80353500  *   6.84008600  *
    38       H          8.71303500  *  21.69615000  *   7.22845200  *
    39       H          7.64813300  *  20.63724300  *   6.67549000  *
    40       H          9.09179400  *  20.75042700  *   5.99425400  *
 


          CARTESIAN COORDINATES 

    NO.       ATOM           X           Y           Z

     1         H          5.9425     17.9355      9.7692
     2         C          5.6394     18.5353     10.4407
     3         C          6.1973     18.4659     11.7382
     4         C          4.6689     19.4532     10.1354
     5         C          5.7508     19.4284     12.6830
     6         N          7.1398     17.4988     12.0607
     7         H          4.2966     19.4664      9.2615
     8         C          4.2169     20.3734     11.0918
     9         C          4.7701     20.3638     12.3453
    10         S          6.3009     19.5101     14.3164
    11         C          7.8015     17.4220     13.2916
    12         C          7.3131     16.3490     11.1260
    13         H          3.5343     20.9970     10.8730
    14         H          4.4833     20.9991     12.9911
    15         C          7.5131     18.2899     14.3651
    16         C          8.8020     16.4559     13.4967
    17         H          6.4916     16.2597     10.5812
    18         H          7.4082     15.5209     11.6603
    19         C          8.5017     16.4575     10.1910
    20         C          8.1674     18.1566     15.5977
    21         H          9.0444     15.8752     12.7848
    22         C          9.4374     16.3382     14.7145
    23         H          9.3202     16.6498     10.7134
    24         H          8.6324     15.5981      9.7172
    25         O          8.2828     17.4915      9.2502
    26         H          7.9539     18.7451     16.3124
    27         C          9.1126     17.1824     15.7766
    28         H         10.1059     15.6731     14.8319
    29         C          9.3275     17.5171      8.2763
    30         H          9.5439     17.0822     16.6170
    31         H          9.4333     16.6195      7.8721
    32         H         10.1837     17.7661      8.7073
    33         C          8.9838     18.5147      7.2161
    34         H          9.5938     18.4073      6.4442
    35         H          8.0570     18.3629      6.9019
    36         O          9.1025     19.8264      7.7431
    37         C          8.5997     20.8035      6.8401
    38         H          8.7130     21.6961      7.2285
    39         H          7.6481     20.6372      6.6755
    40         H          9.0918     20.7504      5.9943

 General Reference for PM7:
 "Optimization of Parameters for Semiempirical Methods VI: More Modifications to the 
 NDDO Approximations and Re-optimization of Parameters", J. J. P. Stewart, J. Mol. Mod., 1:32, 19 (2013)
 http://www.springerlink.com/openurl.asp?genre=article&id=doi:10.1007/s00894-012-1667-x

           Empirical Formula: C17 H19 N O2 S  =    40 atoms



      MOLECULAR POINT GROUP   :   C1  

          COMPUTED CHARGE ON SYSTEM: +0

   COMPUTED CHARGE ON SYSTEM = +0. THIS AGREES WITH THE CHARGE IN THE DATA-SET.

          JOB STOPPED HERE BECAUSE KEYWORD "CHARGES" WAS USED

 ******************************************************************************
 *                                                                            *
 *     Error and normal termination messages reported in this calculation     *
 *                                                                            *
 * JOB STOPPED HERE BECAUSE KEYWORD "CHARGES" WAS USED                        *
 * JOB ENDED NORMALLY                                                         *
 *                                                                            *
 ******************************************************************************



 TOTAL JOB TIME:             0.00 SECONDS

 == MOPAC DONE ==
