 *******************************************************************************
 ** Site#: 29200        For non-commercial use only    Version 19.090L 64BITS **
 *******************************************************************************
 ** Cite this program as: MOPAC2016, Version: 19.090L, James J. P. Stewart,   **
 ** Stewart Computational Chemistry, web: HTTP://OpenMOPAC.net. Days left: 175**
 *******************************************************************************
 **                                                                           **
 **                                MOPAC2016                                  **
 **                                                                           **
 *******************************************************************************

                              PM7 CALCULATION RESULTS

 *******************************************************************************
 *  CALCULATION DONE:                                Mon Oct  7 22:31:00 2019  *
 *  CHARGES    - IDENTIFY AND PRINT CHARGED ATOMS
 *  T=         - A TIME OF 172800.0 SECONDS REQUESTED
 *  DUMP=N     - RESTART FILE WRITTEN EVERY  7200.000 SECONDS
 *******************************************************************************
CHARGES


   ATOM   CHEMICAL          X               Y               Z
  NUMBER   SYMBOL      (ANGSTROMS)     (ANGSTROMS)     (ANGSTROMS)
 
     1       H          8.60930000  *   5.34702200  *  13.41222000  *
     2       C          8.22742000  *   5.37157600  *  12.54281300  *
     3       C          6.83857200  *   5.16960100  *  12.38604200  *
     4       C          9.03497300  *   5.60259700  *  11.45309500  *
     5       C          6.33221000  *   5.16892600  *  11.06477800  *
     6       N          6.00948100  *   4.99126900  *  13.49610200  *
     7       H          9.96302600  *   5.75578000  *  11.58630400  *
     8       C          8.51795500  *   5.61745800  *  10.15232400  *
     9       C          7.17566000  *   5.39319200  *   9.96045300  *
    10       S          4.66909200  *   4.98654100  *  10.65957300  *
    11       C          4.64306700  *   4.74336100  *  13.42486900  *
    12       C          6.60726500  *   5.28848900  *  14.83564500  *
    13       H          9.08860500  *   5.78011800  *   9.41052300  *
    14       H          6.81654000  *   5.38912500  *   9.08087200  *
    15       C          3.93378000  *   4.72444700  *  12.19804300  *
    16       C          3.89407000  *   4.50491000  *  14.60448100  *
    17       H          7.28708400  *   6.00000000  *  14.72744100  *
    18       H          5.89660900  *   5.64156000  *  15.42751100  *
    19       C          7.25508000  *   4.10028500  *  15.51395500  *
    20       C          2.54381000  *   4.53193000  *  12.16983500  *
    21       H          4.33832000  *   4.47997700  *  15.44384500  *
    22       C          2.53472400  *   4.31036500  *  14.55209400  *
    23       H          7.77535200  *   4.40372000  *  16.29967200  *
    24       H          7.87416700  *   3.65041600  *  14.88599600  *
    25       O          6.24258200  *   3.19511500  *  15.92550600  *
    26       H          2.08294700  *   4.54051500  *  11.33924200  *
    27       C          1.84686200  *   4.33063000  *  13.33327500  *
    28       H          2.05349000  *   4.15966800  *  15.35717200  *
    29       C          6.75679600  *   2.14741400  *  16.75948300  *
    30       H          0.90527000  *   4.20663600  *  13.31248900  *
    31       H          7.22272900  *   1.47404200  *  16.20316000  *
    32       H          7.40827900  *   2.52123600  *  17.40445400  *
    33       C          5.62213800  *   1.49893400  *  17.50000500  *
    34       H          5.08639700  *   2.19088300  *  17.96301100  *
    35       H          5.98015800  *   0.87711000  *  18.18198500  *
    36       O          4.79876700  *   0.78628200  *  16.58515300  *
    37       C          3.70684800  *   0.18238500  *  17.25594500  *
    38       H          3.19337500  *   0.87033400  *  17.72900500  *
    39       H          3.12918800  *  -0.26476200  *  16.60271900  *
    40       H          4.04243400  *  -0.47539000  *  17.89989900  *
 


          CARTESIAN COORDINATES 

    NO.       ATOM           X           Y           Z

     1         H          8.6093      5.3470     13.4122
     2         C          8.2274      5.3716     12.5428
     3         C          6.8386      5.1696     12.3860
     4         C          9.0350      5.6026     11.4531
     5         C          6.3322      5.1689     11.0648
     6         N          6.0095      4.9913     13.4961
     7         H          9.9630      5.7558     11.5863
     8         C          8.5180      5.6175     10.1523
     9         C          7.1757      5.3932      9.9605
    10         S          4.6691      4.9865     10.6596
    11         C          4.6431      4.7434     13.4249
    12         C          6.6073      5.2885     14.8356
    13         H          9.0886      5.7801      9.4105
    14         H          6.8165      5.3891      9.0809
    15         C          3.9338      4.7244     12.1980
    16         C          3.8941      4.5049     14.6045
    17         H          7.2871      6.0000     14.7274
    18         H          5.8966      5.6416     15.4275
    19         C          7.2551      4.1003     15.5140
    20         C          2.5438      4.5319     12.1698
    21         H          4.3383      4.4800     15.4438
    22         C          2.5347      4.3104     14.5521
    23         H          7.7754      4.4037     16.2997
    24         H          7.8742      3.6504     14.8860
    25         O          6.2426      3.1951     15.9255
    26         H          2.0829      4.5405     11.3392
    27         C          1.8469      4.3306     13.3333
    28         H          2.0535      4.1597     15.3572
    29         C          6.7568      2.1474     16.7595
    30         H          0.9053      4.2066     13.3125
    31         H          7.2227      1.4740     16.2032
    32         H          7.4083      2.5212     17.4045
    33         C          5.6221      1.4989     17.5000
    34         H          5.0864      2.1909     17.9630
    35         H          5.9802      0.8771     18.1820
    36         O          4.7988      0.7863     16.5852
    37         C          3.7068      0.1824     17.2559
    38         H          3.1934      0.8703     17.7290
    39         H          3.1292     -0.2648     16.6027
    40         H          4.0424     -0.4754     17.8999

 General Reference for PM7:
 "Optimization of Parameters for Semiempirical Methods VI: More Modifications to the 
 NDDO Approximations and Re-optimization of Parameters", J. J. P. Stewart, J. Mol. Mod., 1:32, 19 (2013)
 http://www.springerlink.com/openurl.asp?genre=article&id=doi:10.1007/s00894-012-1667-x

           Empirical Formula: C17 H19 N O2 S  =    40 atoms



      MOLECULAR POINT GROUP   :   C1  

          COMPUTED CHARGE ON SYSTEM: +0

   COMPUTED CHARGE ON SYSTEM = +0. THIS AGREES WITH THE CHARGE IN THE DATA-SET.

          JOB STOPPED HERE BECAUSE KEYWORD "CHARGES" WAS USED

 ******************************************************************************
 *                                                                            *
 *     Error and normal termination messages reported in this calculation     *
 *                                                                            *
 * JOB STOPPED HERE BECAUSE KEYWORD "CHARGES" WAS USED                        *
 * JOB ENDED NORMALLY                                                         *
 *                                                                            *
 ******************************************************************************



 TOTAL JOB TIME:             0.00 SECONDS

 == MOPAC DONE ==
