 *******************************************************************************
 ** Site#: 29200        For non-commercial use only    Version 19.090L 64BITS **
 *******************************************************************************
 ** Cite this program as: MOPAC2016, Version: 19.090L, James J. P. Stewart,   **
 ** Stewart Computational Chemistry, web: HTTP://OpenMOPAC.net. Days left: 175**
 *******************************************************************************
 **                                                                           **
 **                                MOPAC2016                                  **
 **                                                                           **
 *******************************************************************************

                              PM7 CALCULATION RESULTS

 *******************************************************************************
 *  CALCULATION DONE:                                Mon Oct  7 21:31:48 2019  *
 *  CHARGES    - IDENTIFY AND PRINT CHARGED ATOMS
 *  T=         - A TIME OF 172800.0 SECONDS REQUESTED
 *  DUMP=N     - RESTART FILE WRITTEN EVERY  7200.000 SECONDS
 *******************************************************************************
CHARGES


   ATOM   CHEMICAL          X               Y               Z
  NUMBER   SYMBOL      (ANGSTROMS)     (ANGSTROMS)     (ANGSTROMS)
 
     1       P          4.88379700  *   2.25515700  *   3.19794700  *
     2       F          3.38692300  *   1.97246000  *   2.69157500  *
     3       F          6.36014200  *   2.57838300  *   3.68906000  *
     4       F          4.47401900  *   1.83398300  *   4.68000400  *
     5       F          5.27282200  *   2.68106000  *   1.69968100  *
     6       F          4.44227300  *   3.76591300  *   3.49557600  *
     7       F          5.28246900  *   0.75926200  *   2.87541600  *
 


          CARTESIAN COORDINATES 

    NO.       ATOM           X           Y           Z

     1         P          4.8838      2.2552      3.1979
     2         F          3.3869      1.9725      2.6916
     3         F          6.3601      2.5784      3.6891
     4         F          4.4740      1.8340      4.6800
     5         F          5.2728      2.6811      1.6997
     6         F          4.4423      3.7659      3.4956
     7         F          5.2825      0.7593      2.8754

 General Reference for PM7:
 "Optimization of Parameters for Semiempirical Methods VI: More Modifications to the 
 NDDO Approximations and Re-optimization of Parameters", J. J. P. Stewart, J. Mol. Mod., 1:32, 19 (2013)
 http://www.springerlink.com/openurl.asp?genre=article&id=doi:10.1007/s00894-012-1667-x

           Empirical Formula: P F6  =     7 atoms



      MOLECULAR POINT GROUP   :   Ci  

   TOPOGRAPHY OF SYSTEM

   ATOM No.    LABEL   Atoms connected to this atom
      1          P      2      3      4      5      6      7
      2          F      1
      3          F      1
      4          F      1
      5          F      1
      6          F      1
      7          F      1

     Ion Atom No.  Type    Charge
 
    1       1      P       -1

          COMPUTED CHARGE ON SYSTEM: -1

          COMPUTED CHARGE ON SYSTEM:  -1

          JOB STOPPED HERE BECAUSE KEYWORD "CHARGES" WAS USED

 ******************************************************************************
 *                                                                            *
 *     Error and normal termination messages reported in this calculation     *
 *                                                                            *
 * JOB STOPPED HERE BECAUSE KEYWORD "CHARGES" WAS USED                        *
 * JOB ENDED NORMALLY                                                         *
 *                                                                            *
 ******************************************************************************



 TOTAL JOB TIME:             0.00 SECONDS

 == MOPAC DONE ==
