 *******************************************************************************
 ** Site#: 29200        For non-commercial use only    Version 19.090L 64BITS **
 *******************************************************************************
 ** Cite this program as: MOPAC2016, Version: 19.090L, James J. P. Stewart,   **
 ** Stewart Computational Chemistry, web: HTTP://OpenMOPAC.net. Days left: 174**
 *******************************************************************************
 **                                                                           **
 **                                MOPAC2016                                  **
 **                                                                           **
 *******************************************************************************

                              PM7 CALCULATION RESULTS

 *******************************************************************************
 *  CALCULATION DONE:                                Tue Oct  8 20:08:36 2019  *
 *  CHARGES    - IDENTIFY AND PRINT CHARGED ATOMS
 *  T=         - A TIME OF 172800.0 SECONDS REQUESTED
 *  DUMP=N     - RESTART FILE WRITTEN EVERY  7200.000 SECONDS
 *******************************************************************************
CHARGES


   ATOM   CHEMICAL          X               Y               Z
  NUMBER   SYMBOL      (ANGSTROMS)     (ANGSTROMS)     (ANGSTROMS)
 
     1       H          3.00051100  *   4.78547800  *   1.69567700  *
     2       C          2.61863100  *   4.76092400  *   0.82627000  *
     3       C          1.22978300  *   4.96289800  *   0.66949900  *
     4       C          3.42618500  *   4.52990300  *  -0.26344800  *
     5       C          0.72342200  *   4.96357400  *  -0.65176500  *
     6       N          0.40069200  *   5.14123000  *   1.77955900  *
     7       H          4.35423700  *   4.37672000  *  -0.13023900  *
     8       C          2.90916700  *   4.51504200  *  -1.56421900  *
     9       C          1.56687100  *   4.73930800  *  -1.75609000  *
    10       S         -0.93969600  *   5.14595900  *  -1.05697000  *
    11       C         -0.96572100  *   5.38913900  *   1.70832600  *
    12       C          0.99847700  *   4.84401000  *   3.11910200  *
    13       H          3.47981600  *   4.35238200  *  -2.30602000  *
    14       H          1.20775200  *   4.74337500  *  -2.63567100  *
    15       C         -1.67500900  *   5.40805300  *   0.48150000  *
    16       C         -1.71471900  *   5.62759000  *   2.88793800  *
    17       H          1.67829500  *   4.13250000  *   3.01089800  *
    18       H          0.28782100  *   4.49094000  *   3.71096800  *
    19       C          1.64629200  *   6.03221500  *   3.79741200  *
    20       C         -3.06497900  *   5.60057000  *   0.45329200  *
    21       H         -1.27046900  *   5.65252300  *   3.72730200  *
    22       C         -3.07406500  *   5.82213400  *   2.83555100  *
    23       H          2.16656300  *   5.72878000  *   4.58312900  *
    24       H          2.26537900  *   6.48208400  *   3.16945300  *
    25       O          0.63379300  *   6.93738500  *   4.20896400  *
    26       H         -3.52584200  *   5.59198500  *  -0.37730100  *
    27       C         -3.76192700  *   5.80186900  *   1.61673200  *
    28       H         -3.55529900  *   5.97283200  *   3.64062900  *
    29       C          1.14800700  *   7.98508600  *   5.04294000  *
    30       H         -4.70351900  *   5.92586400  *   1.59594600  *
    31       H          1.61394000  *   8.65845800  *   4.48661700  *
    32       H          1.79949000  *   7.61126400  *   5.68791100  *
    33       C          0.01334900  *   8.63356500  *   5.78346200  *
    34       H         -0.52239100  *   7.94161700  *   6.24646800  *
    35       H          0.37136900  *   9.25539000  *   6.46544300  *
    36       O         -0.81002100  *   9.34621800  *   4.86861000  *
    37       C         -1.90194000  *   9.95011500  *   5.53940200  *
    38       H         -2.41541400  *   9.26216600  *   6.01246200  *
    39       H         -2.47960100  *  10.39726200  *   4.88617600  *
    40       H         -1.56635500  *  10.60789000  *   6.18335600  *
 


          CARTESIAN COORDINATES 

    NO.       ATOM           X           Y           Z

     1         H          3.0005      4.7855      1.6957
     2         C          2.6186      4.7609      0.8263
     3         C          1.2298      4.9629      0.6695
     4         C          3.4262      4.5299     -0.2634
     5         C          0.7234      4.9636     -0.6518
     6         N          0.4007      5.1412      1.7796
     7         H          4.3542      4.3767     -0.1302
     8         C          2.9092      4.5150     -1.5642
     9         C          1.5669      4.7393     -1.7561
    10         S         -0.9397      5.1460     -1.0570
    11         C         -0.9657      5.3891      1.7083
    12         C          0.9985      4.8440      3.1191
    13         H          3.4798      4.3524     -2.3060
    14         H          1.2078      4.7434     -2.6357
    15         C         -1.6750      5.4081      0.4815
    16         C         -1.7147      5.6276      2.8879
    17         H          1.6783      4.1325      3.0109
    18         H          0.2878      4.4909      3.7110
    19         C          1.6463      6.0322      3.7974
    20         C         -3.0650      5.6006      0.4533
    21         H         -1.2705      5.6525      3.7273
    22         C         -3.0741      5.8221      2.8356
    23         H          2.1666      5.7288      4.5831
    24         H          2.2654      6.4821      3.1695
    25         O          0.6338      6.9374      4.2090
    26         H         -3.5258      5.5920     -0.3773
    27         C         -3.7619      5.8019      1.6167
    28         H         -3.5553      5.9728      3.6406
    29         C          1.1480      7.9851      5.0429
    30         H         -4.7035      5.9259      1.5959
    31         H          1.6139      8.6585      4.4866
    32         H          1.7995      7.6113      5.6879
    33         C          0.0133      8.6336      5.7835
    34         H         -0.5224      7.9416      6.2465
    35         H          0.3714      9.2554      6.4654
    36         O         -0.8100      9.3462      4.8686
    37         C         -1.9019      9.9501      5.5394
    38         H         -2.4154      9.2622      6.0125
    39         H         -2.4796     10.3973      4.8862
    40         H         -1.5664     10.6079      6.1834

 General Reference for PM7:
 "Optimization of Parameters for Semiempirical Methods VI: More Modifications to the 
 NDDO Approximations and Re-optimization of Parameters", J. J. P. Stewart, J. Mol. Mod., 1:32, 19 (2013)
 http://www.springerlink.com/openurl.asp?genre=article&id=doi:10.1007/s00894-012-1667-x

           Empirical Formula: C17 H19 N O2 S  =    40 atoms



      MOLECULAR POINT GROUP   :   C1  

          COMPUTED CHARGE ON SYSTEM: +0

   COMPUTED CHARGE ON SYSTEM = +0. THIS AGREES WITH THE CHARGE IN THE DATA-SET.

          JOB STOPPED HERE BECAUSE KEYWORD "CHARGES" WAS USED

 ******************************************************************************
 *                                                                            *
 *     Error and normal termination messages reported in this calculation     *
 *                                                                            *
 * JOB STOPPED HERE BECAUSE KEYWORD "CHARGES" WAS USED                        *
 * JOB ENDED NORMALLY                                                         *
 *                                                                            *
 ******************************************************************************



 TOTAL JOB TIME:             0.00 SECONDS

 == MOPAC DONE ==
