 *******************************************************************************
 ** Site#: 29200        For non-commercial use only    Version 19.090L 64BITS **
 *******************************************************************************
 ** Cite this program as: MOPAC2016, Version: 19.090L, James J. P. Stewart,   **
 ** Stewart Computational Chemistry, web: HTTP://OpenMOPAC.net. Days left: 175**
 *******************************************************************************
 **                                                                           **
 **                                MOPAC2016                                  **
 **                                                                           **
 *******************************************************************************

                              PM7 CALCULATION RESULTS

 *******************************************************************************
 *  CALCULATION DONE:                                Mon Oct  7 22:30:38 2019  *
 *  CHARGES    - IDENTIFY AND PRINT CHARGED ATOMS
 *  T=         - A TIME OF 172800.0 SECONDS REQUESTED
 *  DUMP=N     - RESTART FILE WRITTEN EVERY  7200.000 SECONDS
 *******************************************************************************
CHARGES


   ATOM   CHEMICAL          X               Y               Z
  NUMBER   SYMBOL      (ANGSTROMS)     (ANGSTROMS)     (ANGSTROMS)
 
     1       C          5.10749100  *   2.72830100  *   4.30789200  *
     2       S          5.49413300  *   4.47465800  *   3.94288600  *
     3       F          4.73399900  *   2.08283400  *   3.20446500  *
     4       F          4.13579800  *   2.62886800  *   5.19667300  *
     5       F          6.18392800  *   2.11575200  *   4.79225500  *
     6       N          4.10103400  *   5.03307800  *   3.46531500  *
     7       O          5.79233300  *   5.03681100  *   5.22134900  *
     8       O          6.52851000  *   4.42341400  *   2.96113000  *
     9       S          3.59172500  *   5.06633500  *   1.97703600  *
    10       C          3.81958600  *   6.82779400  *   1.53353000  *
    11       O          4.34897800  *   4.33416200  *   1.01802300  *
    12       O          2.17160700  *   4.91752500  *   1.98738100  *
    13       F          3.36413500  *   7.03735000  *   0.30318500  *
    14       F          3.14465100  *   7.61477400  *   2.35693000  *
    15       F          5.08920800  *   7.17343400  *   1.58082700  *
 


          CARTESIAN COORDINATES 

    NO.       ATOM           X           Y           Z

     1         C          5.1075      2.7283      4.3079
     2         S          5.4941      4.4747      3.9429
     3         F          4.7340      2.0828      3.2045
     4         F          4.1358      2.6289      5.1967
     5         F          6.1839      2.1158      4.7923
     6         N          4.1010      5.0331      3.4653
     7         O          5.7923      5.0368      5.2213
     8         O          6.5285      4.4234      2.9611
     9         S          3.5917      5.0663      1.9770
    10         C          3.8196      6.8278      1.5335
    11         O          4.3490      4.3342      1.0180
    12         O          2.1716      4.9175      1.9874
    13         F          3.3641      7.0373      0.3032
    14         F          3.1447      7.6148      2.3569
    15         F          5.0892      7.1734      1.5808

 General Reference for PM7:
 "Optimization of Parameters for Semiempirical Methods VI: More Modifications to the 
 NDDO Approximations and Re-optimization of Parameters", J. J. P. Stewart, J. Mol. Mod., 1:32, 19 (2013)
 http://www.springerlink.com/openurl.asp?genre=article&id=doi:10.1007/s00894-012-1667-x

           Empirical Formula: C2 N O4 S2 F6  =    15 atoms



      MOLECULAR POINT GROUP   :   C2  

   TOPOGRAPHY OF SYSTEM

   ATOM No.    LABEL   Atoms connected to this atom
      1          C      2      3      4      5
      2          S      7      8      6      1
      3          F      1
      4          F      1
      5          F      1
      6          N      2      9
      7          O      2
      8          O      2
      9          S     11     12      6     10
     10          C      9     13     14     15
     11          O      9
     12          O      9
     13          F     10
     14          F     10
     15          F     10

     Ion Atom No.  Type    Charge
 
    1       6      N       +1

          COMPUTED CHARGE ON SYSTEM: +1

          COMPUTED CHARGE ON SYSTEM: +1

          JOB STOPPED HERE BECAUSE KEYWORD "CHARGES" WAS USED

 ******************************************************************************
 *                                                                            *
 *     Error and normal termination messages reported in this calculation     *
 *                                                                            *
 * JOB STOPPED HERE BECAUSE KEYWORD "CHARGES" WAS USED                        *
 * JOB ENDED NORMALLY                                                         *
 *                                                                            *
 ******************************************************************************



 TOTAL JOB TIME:             0.00 SECONDS

 == MOPAC DONE ==
