 *******************************************************************************
 ** Site#: 29200        For non-commercial use only    Version 19.090L 64BITS **
 *******************************************************************************
 ** Cite this program as: MOPAC2016, Version: 19.090L, James J. P. Stewart,   **
 ** Stewart Computational Chemistry, web: HTTP://OpenMOPAC.net. Days left: 174**
 *******************************************************************************
 **                                                                           **
 **                                MOPAC2016                                  **
 **                                                                           **
 *******************************************************************************

                              PM7 CALCULATION RESULTS

 *******************************************************************************
 *  CALCULATION DONE:                                Tue Oct  8 20:09:20 2019  *
 *  CHARGES    - IDENTIFY AND PRINT CHARGED ATOMS
 *  T=         - A TIME OF 172800.0 SECONDS REQUESTED
 *  DUMP=N     - RESTART FILE WRITTEN EVERY  7200.000 SECONDS
 *******************************************************************************
CHARGES


   ATOM   CHEMICAL          X               Y               Z
  NUMBER   SYMBOL      (ANGSTROMS)     (ANGSTROMS)     (ANGSTROMS)
 
     1       H          0.93568100  *   6.55756200  *   6.00065500  *
     2       C          1.05874600  *   7.08179300  *   6.78329100  *
     3       C          1.42652100  *   6.44906900  *   7.99312500  *
     4       C          0.87694800  *   8.44295500  *   6.72096700  *
     5       C          1.59989000  *   7.28184100  *   9.12693500  *
     6       N          1.59160200  *   5.06699000  *   8.05264300  *
     7       H          0.61945000  *   8.84202400  *   5.89813100  *
     8       C          1.06431800  *   9.25164000  *   7.84866300  *
     9       C          1.42025200  *   8.66886500  *   9.04123600  *
    10       S          1.96035200  *   6.69462900  *  10.70981900  *
    11       C          2.00890100  *   4.37176700  *   9.18563300  *
    12       C          1.19248200  *   4.28289900  *   6.84965900  *
    13       H          0.94728500  *  10.19260000  *   7.78999500  *
    14       H          1.54539300  *   9.20962700  *   9.81214000  *
    15       C          2.17537500  *   5.00664600  *  10.44220900  *
    16       C          2.28326900  *   2.98525100  *   9.11623700  *
    17       H          0.40970000  *   4.71808500  *   6.42824600  *
    18       H          0.91638600  *   3.37604100  *   7.13487900  *
    19       C          2.29789700  *   4.15802800  *   5.82022700  *
    20       C          2.52357700  *   4.26274200  *  11.58158100  *
    21       H          2.20627300  *   2.53118800  *   8.28533600  *
    22       C          2.66079600  *   2.29015400  *  10.23936900  *
    23       H          1.94377400  *   3.74723200  *   4.99192100  *
    24       H          2.65422000  *   5.05405900  *   5.59613400  *
    25       O          3.32655200  *   3.34908900  *   6.36017500  *
    26       H          2.59185900  *   4.69597600  *  12.42420200  *
    27       C          2.76667000  *   2.91730000  *  11.48801300  *
    28       H          2.85455300  *   1.36283500  *  10.16779800  *
    29       C          4.21548000  *   2.82741800  *   5.37333900  *
    30       H          3.00382900  *   2.41623000  *  12.25945400  *
    31       H          4.87637500  *   3.51760800  *   5.11434100  *
    32       H          3.70738000  *   2.56370500  *   4.56558800  *
    33       C          4.91690000  *   1.63765400  *   5.94704500  *
    34       H          4.25614500  *   1.01819000  *   6.34634200  *
    35       H          5.40112300  *   1.15530800  *   5.23059100  *
    36       O          5.83828700  *   2.07235800  *   6.94564800  *
    37       C          6.22570500  *   0.99440700  *   7.77459300  *
    38       H          6.55257800  *   0.25618300  *   7.21883700  *
    39       H          5.45539000  *   0.69220600  *   8.29917600  *
    40       H          6.93861700  *   1.28769700  *   8.37987800  *
 


          CARTESIAN COORDINATES 

    NO.       ATOM           X           Y           Z

     1         H          0.9357      6.5576      6.0007
     2         C          1.0587      7.0818      6.7833
     3         C          1.4265      6.4491      7.9931
     4         C          0.8769      8.4430      6.7210
     5         C          1.5999      7.2818      9.1269
     6         N          1.5916      5.0670      8.0526
     7         H          0.6195      8.8420      5.8981
     8         C          1.0643      9.2516      7.8487
     9         C          1.4203      8.6689      9.0412
    10         S          1.9604      6.6946     10.7098
    11         C          2.0089      4.3718      9.1856
    12         C          1.1925      4.2829      6.8497
    13         H          0.9473     10.1926      7.7900
    14         H          1.5454      9.2096      9.8121
    15         C          2.1754      5.0066     10.4422
    16         C          2.2833      2.9853      9.1162
    17         H          0.4097      4.7181      6.4282
    18         H          0.9164      3.3760      7.1349
    19         C          2.2979      4.1580      5.8202
    20         C          2.5236      4.2627     11.5816
    21         H          2.2063      2.5312      8.2853
    22         C          2.6608      2.2902     10.2394
    23         H          1.9438      3.7472      4.9919
    24         H          2.6542      5.0541      5.5961
    25         O          3.3266      3.3491      6.3602
    26         H          2.5919      4.6960     12.4242
    27         C          2.7667      2.9173     11.4880
    28         H          2.8546      1.3628     10.1678
    29         C          4.2155      2.8274      5.3733
    30         H          3.0038      2.4162     12.2595
    31         H          4.8764      3.5176      5.1143
    32         H          3.7074      2.5637      4.5656
    33         C          4.9169      1.6377      5.9470
    34         H          4.2561      1.0182      6.3463
    35         H          5.4011      1.1553      5.2306
    36         O          5.8383      2.0724      6.9456
    37         C          6.2257      0.9944      7.7746
    38         H          6.5526      0.2562      7.2188
    39         H          5.4554      0.6922      8.2992
    40         H          6.9386      1.2877      8.3799

 General Reference for PM7:
 "Optimization of Parameters for Semiempirical Methods VI: More Modifications to the 
 NDDO Approximations and Re-optimization of Parameters", J. J. P. Stewart, J. Mol. Mod., 1:32, 19 (2013)
 http://www.springerlink.com/openurl.asp?genre=article&id=doi:10.1007/s00894-012-1667-x

           Empirical Formula: C17 H19 N O2 S  =    40 atoms



      MOLECULAR POINT GROUP   :   C1  

          COMPUTED CHARGE ON SYSTEM: +0

   COMPUTED CHARGE ON SYSTEM = +0. THIS AGREES WITH THE CHARGE IN THE DATA-SET.

          JOB STOPPED HERE BECAUSE KEYWORD "CHARGES" WAS USED

 ******************************************************************************
 *                                                                            *
 *     Error and normal termination messages reported in this calculation     *
 *                                                                            *
 * JOB STOPPED HERE BECAUSE KEYWORD "CHARGES" WAS USED                        *
 * JOB ENDED NORMALLY                                                         *
 *                                                                            *
 ******************************************************************************



 TOTAL JOB TIME:             0.00 SECONDS

 == MOPAC DONE ==
