Job 288608 running on SLURM NODELIST: haswell008 
/home/smgo234/.bashrc: line 17: cds: command not found
 
 Func-count     x          f(x)          Procedure
    1       0.221885     0.323354        initial
    2       0.328115     0.290619        golden
    3       0.393769     0.575905        golden
    4       0.280691    0.0469463        parabolic
    5       0.276664     0.024313        parabolic
    6        0.25574    0.0996692        golden
    7       0.271074   0.00773601        parabolic
    8       0.268495    0.0226919        parabolic
    9       0.272487  0.000330346        parabolic
   10       0.274082    0.0095604        golden
   11        0.27282   0.00206004        parabolic
   12       0.272154   0.00139894        parabolic

Optimization terminated successfully;
The returned value satisfies the termination criteria
(using xtol =  0.001 )
new-->old 0.2724869779822707 0.08823307180703649
 
 Func-count     x          f(x)          Procedure
    1       0.225273     0.514844        initial
    2       0.319701    0.0247463        golden
    3        0.37806      0.25857        golden
    4       0.315599   0.00583655        parabolic
    5       0.281098      0.16667        golden
    6       0.308052    0.0292342        parabolic
    7       0.314167  0.000545398        parabolic
    8       0.311832    0.0117088        golden
    9       0.313834   0.00240688        parabolic
   10       0.314532  0.000782899        parabolic

Optimization terminated successfully;
The returned value satisfies the termination criteria
(using xtol =  0.001 )
new-->old 0.3141674251818551 0.2724869779822707
 
 Func-count     x          f(x)          Procedure
    1       0.266954     0.248716        initial
    2       0.361381     0.194592        golden
    3        0.41974     0.391598        golden
    4       0.325256     0.046915        parabolic
    5       0.317752    0.0130893        parabolic
    6       0.298349    0.0799373        golden
    7       0.313878   0.00471165        parabolic
    8       0.310569    0.0203758        parabolic
    9       0.314689  0.000993134        parabolic
   10       0.315325   0.00166058        parabolic
   11       0.314356   0.00259186        parabolic

Optimization terminated successfully;
The returned value satisfies the termination criteria
(using xtol =  0.001 )
new-->old 0.3146890315338622 0.3141674251818551
