 *******************************************************************************
 ** Site#: 29200        For non-commercial use only    Version 19.090L 64BITS **
 *******************************************************************************
 ** Cite this program as: MOPAC2016, Version: 19.090L, James J. P. Stewart,   **
 ** Stewart Computational Chemistry, web: HTTP://OpenMOPAC.net. Days left: 174**
 *******************************************************************************
 **                                                                           **
 **                                MOPAC2016                                  **
 **                                                                           **
 *******************************************************************************

                              PM7 CALCULATION RESULTS

 *******************************************************************************
 *  CALCULATION DONE:                                Tue Oct  8 20:10:02 2019  *
 *  CHARGES    - IDENTIFY AND PRINT CHARGED ATOMS
 *  T=         - A TIME OF 172800.0 SECONDS REQUESTED
 *  DUMP=N     - RESTART FILE WRITTEN EVERY  7200.000 SECONDS
 *******************************************************************************
CHARGES


   ATOM   CHEMICAL          X               Y               Z
  NUMBER   SYMBOL      (ANGSTROMS)     (ANGSTROMS)     (ANGSTROMS)
 
     1       H          5.94954900  *   8.24930600  *  -0.78380300  *
     2       C          5.15414400  *   8.23840000  *  -1.30331200  *
     3       C          4.86433100  *   9.31457200  *  -2.16492700  *
     4       C          4.29350900  *   7.17336800  *  -1.21062500  *
     5       C          3.70128300  *   9.21987800  *  -2.95629300  *
     6       N          5.70632400  *  10.41625600  *  -2.23128400  *
     7       H          4.49066400  *   6.46928800  *  -0.60390000  *
     8       C          3.13632900  *   7.09984100  *  -1.98579900  *
     9       C          2.85324800  *   8.10917000  *  -2.85507700  *
    10       S          3.18224400  *  10.46126400  *  -4.02645500  *
    11       C          5.66886800  *  11.36219600  *  -3.25388700  *
    12       C          6.77184800  *  10.55228200  *  -1.22299000  *
    13       H          2.55244000  *   6.35411800  *  -1.90818200  *
    14       H          2.07455100  *   8.05989600  *  -3.39698500  *
    15       C          4.57797100  *  11.45689000  *  -4.14744700  *
    16       C          6.72921300  *  12.26457600  *  -3.43024700  *
    17       H          6.94069500  *  11.50197600  *  -1.05207900  *
    18       H          7.59121100  *  10.12894300  *  -1.55476200  *
    19       H          6.49220200  *  10.11502800  *  -0.39152400  *
    20       C          4.55725700  *  12.42945600  *  -5.15885200  *
    21       H          7.48229400  *  12.22344600  *  -2.85264300  *
    22       C          6.68882200  *  13.20706300  *  -4.43081300  *
    23       H          3.81047600  *  12.48911300  *  -5.74304700  *
    24       C          5.60724600  *  13.28950200  *  -5.30566800  *
    25       H          7.41312900  *  13.81356300  *  -4.52761200  *
    26       H          5.60053100  *  13.93919400  *  -5.99856400  *
 


          CARTESIAN COORDINATES 

    NO.       ATOM           X           Y           Z

     1         H          5.9495      8.2493     -0.7838
     2         C          5.1541      8.2384     -1.3033
     3         C          4.8643      9.3146     -2.1649
     4         C          4.2935      7.1734     -1.2106
     5         C          3.7013      9.2199     -2.9563
     6         N          5.7063     10.4163     -2.2313
     7         H          4.4907      6.4693     -0.6039
     8         C          3.1363      7.0998     -1.9858
     9         C          2.8532      8.1092     -2.8551
    10         S          3.1822     10.4613     -4.0265
    11         C          5.6689     11.3622     -3.2539
    12         C          6.7718     10.5523     -1.2230
    13         H          2.5524      6.3541     -1.9082
    14         H          2.0746      8.0599     -3.3970
    15         C          4.5780     11.4569     -4.1474
    16         C          6.7292     12.2646     -3.4302
    17         H          6.9407     11.5020     -1.0521
    18         H          7.5912     10.1289     -1.5548
    19         H          6.4922     10.1150     -0.3915
    20         C          4.5573     12.4295     -5.1589
    21         H          7.4823     12.2234     -2.8526
    22         C          6.6888     13.2071     -4.4308
    23         H          3.8105     12.4891     -5.7430
    24         C          5.6072     13.2895     -5.3057
    25         H          7.4131     13.8136     -4.5276
    26         H          5.6005     13.9392     -5.9986

 General Reference for PM7:
 "Optimization of Parameters for Semiempirical Methods VI: More Modifications to the 
 NDDO Approximations and Re-optimization of Parameters", J. J. P. Stewart, J. Mol. Mod., 1:32, 19 (2013)
 http://www.springerlink.com/openurl.asp?genre=article&id=doi:10.1007/s00894-012-1667-x

           Empirical Formula: C13 H11 N S  =    26 atoms



      MOLECULAR POINT GROUP   :   Cs  

          COMPUTED CHARGE ON SYSTEM: +0

   COMPUTED CHARGE ON SYSTEM = +0. THIS AGREES WITH THE CHARGE IN THE DATA-SET.

          JOB STOPPED HERE BECAUSE KEYWORD "CHARGES" WAS USED

 ******************************************************************************
 *                                                                            *
 *     Error and normal termination messages reported in this calculation     *
 *                                                                            *
 * JOB STOPPED HERE BECAUSE KEYWORD "CHARGES" WAS USED                        *
 * JOB ENDED NORMALLY                                                         *
 *                                                                            *
 ******************************************************************************



 TOTAL JOB TIME:             0.00 SECONDS

 == MOPAC DONE ==
