 *******************************************************************************
 ** Site#: 29200        For non-commercial use only    Version 19.090L 64BITS **
 *******************************************************************************
 ** Cite this program as: MOPAC2016, Version: 19.090L, James J. P. Stewart,   **
 ** Stewart Computational Chemistry, web: HTTP://OpenMOPAC.net. Days left: 174**
 *******************************************************************************
 **                                                                           **
 **                                MOPAC2016                                  **
 **                                                                           **
 *******************************************************************************

                              PM7 CALCULATION RESULTS

 *******************************************************************************
 *  CALCULATION DONE:                                Tue Oct  8 20:10:03 2019  *
 *  CHARGES    - IDENTIFY AND PRINT CHARGED ATOMS
 *  T=         - A TIME OF 172800.0 SECONDS REQUESTED
 *  DUMP=N     - RESTART FILE WRITTEN EVERY  7200.000 SECONDS
 *******************************************************************************
CHARGES


   ATOM   CHEMICAL          X               Y               Z
  NUMBER   SYMBOL      (ANGSTROMS)     (ANGSTROMS)     (ANGSTROMS)
 
     1       C          9.77992700  *   4.94972400  *  -1.20025000  *
     2       S          9.87244600  *   3.12390800  *  -1.16053200  *
     3       F          8.55301300  *   5.38141900  *  -1.44966600  *
     4       F         10.18625200  *   5.49260100  *  -0.05584200  *
     5       F         10.58014900  *   5.40225100  *  -2.16684700  *
     6       N          8.77050200  *   2.70591600  *  -0.10623800  *
     7       O         11.22605600  *   2.85085400  *  -0.80268000  *
     8       O          9.40277400  *   2.73376700  *  -2.45313100  *
     9       S          9.03632200  *   2.56610300  *   1.44217500  *
    10       C          9.63528000  *   0.85002000  *   1.62543600  *
    11       O         10.09390500  *   3.37267500  *   1.97544300  *
    12       O          7.77212400  *   2.55162000  *   2.10672100  *
    13       F         10.79988200  *   0.66397400  *   1.02630200  *
    14       F          9.79891400  *   0.56549200  *   2.91426800  *
    15       F          8.75962800  *  -0.01426000  *   1.12628700  *
 


          CARTESIAN COORDINATES 

    NO.       ATOM           X           Y           Z

     1         C          9.7799      4.9497     -1.2003
     2         S          9.8724      3.1239     -1.1605
     3         F          8.5530      5.3814     -1.4497
     4         F         10.1863      5.4926     -0.0558
     5         F         10.5801      5.4023     -2.1668
     6         N          8.7705      2.7059     -0.1062
     7         O         11.2261      2.8509     -0.8027
     8         O          9.4028      2.7338     -2.4531
     9         S          9.0363      2.5661      1.4422
    10         C          9.6353      0.8500      1.6254
    11         O         10.0939      3.3727      1.9754
    12         O          7.7721      2.5516      2.1067
    13         F         10.7999      0.6640      1.0263
    14         F          9.7989      0.5655      2.9143
    15         F          8.7596     -0.0143      1.1263

 General Reference for PM7:
 "Optimization of Parameters for Semiempirical Methods VI: More Modifications to the 
 NDDO Approximations and Re-optimization of Parameters", J. J. P. Stewart, J. Mol. Mod., 1:32, 19 (2013)
 http://www.springerlink.com/openurl.asp?genre=article&id=doi:10.1007/s00894-012-1667-x

           Empirical Formula: C2 N O4 S2 F6  =    15 atoms



      MOLECULAR POINT GROUP   :   C2  

   TOPOGRAPHY OF SYSTEM

   ATOM No.    LABEL   Atoms connected to this atom
      1          C      2      3      4      5
      2          S      7      8      6      1
      3          F      1
      4          F      1
      5          F      1
      6          N      2      9
      7          O      2
      8          O      2
      9          S     11     12      6     10
     10          C      9     13     14     15
     11          O      9
     12          O      9
     13          F     10
     14          F     10
     15          F     10

     Ion Atom No.  Type    Charge
 
    1       6      N       +1

          COMPUTED CHARGE ON SYSTEM: +1

          COMPUTED CHARGE ON SYSTEM: +1

          JOB STOPPED HERE BECAUSE KEYWORD "CHARGES" WAS USED

 ******************************************************************************
 *                                                                            *
 *     Error and normal termination messages reported in this calculation     *
 *                                                                            *
 * JOB STOPPED HERE BECAUSE KEYWORD "CHARGES" WAS USED                        *
 * JOB ENDED NORMALLY                                                         *
 *                                                                            *
 ******************************************************************************



 TOTAL JOB TIME:             0.00 SECONDS

 == MOPAC DONE ==
