 *******************************************************************************
 ** Site#: 29200        For non-commercial use only    Version 19.090L 64BITS **
 *******************************************************************************
 ** Cite this program as: MOPAC2016, Version: 19.090L, James J. P. Stewart,   **
 ** Stewart Computational Chemistry, web: HTTP://OpenMOPAC.net. Days left: 174**
 *******************************************************************************
 **                                                                           **
 **                                MOPAC2016                                  **
 **                                                                           **
 *******************************************************************************

                              PM7 CALCULATION RESULTS

 *******************************************************************************
 *  CALCULATION DONE:                                Tue Oct  8 20:10:02 2019  *
 *  CHARGES    - IDENTIFY AND PRINT CHARGED ATOMS
 *  T=         - A TIME OF 172800.0 SECONDS REQUESTED
 *  DUMP=N     - RESTART FILE WRITTEN EVERY  7200.000 SECONDS
 *******************************************************************************
CHARGES


   ATOM   CHEMICAL          X               Y               Z
  NUMBER   SYMBOL      (ANGSTROMS)     (ANGSTROMS)     (ANGSTROMS)
 
     1       H         14.58006500  *   8.46144400  *   5.98445700  *
     2       C         13.78465900  *   8.47235000  *   5.46494800  *
     3       C         13.49484600  *   7.39617800  *   4.60333200  *
     4       C         12.92402400  *   9.53738200  *   5.55763500  *
     5       C         12.33179800  *   7.49087200  *   3.81196700  *
     6       N         14.33683900  *   6.29449400  *   4.53697600  *
     7       H         13.12118000  *  10.24146200  *   6.16435900  *
     8       C         11.76684500  *   9.61090900  *   4.78246100  *
     9       C         11.48376400  *   8.60158000  *   3.91318300  *
    10       S         11.81275900  *   6.24948600  *   2.74180500  *
    11       C         14.29938300  *   5.34855400  *   3.51437300  *
    12       C         15.40236300  *   6.15846800  *   5.54527000  *
    13       H         11.18295600  *  10.35663200  *   4.86007800  *
    14       H         10.70506700  *   8.65085400  *   3.37127500  *
    15       C         13.20848600  *   5.25386000  *   2.62081200  *
    16       C         15.35972800  *   4.44617400  *   3.33801300  *
    17       H         15.57121000  *   5.20877400  *   5.71618100  *
    18       H         16.22172700  *   6.58180700  *   5.21349800  *
    19       H         15.12271700  *   6.59572200  *   6.37673600  *
    20       C         13.18777300  *   4.28129400  *   1.60940800  *
    21       H         16.11281000  *   4.48730400  *   3.91561700  *
    22       C         15.31933700  *   3.50368700  *   2.33744600  *
    23       H         12.44099100  *   4.22163700  *   1.02521300  *
    24       C         14.23776100  *   3.42124800  *   1.46259200  *
    25       H         16.04364500  *   2.89718700  *   2.24064800  *
    26       H         14.23104700  *   2.77155600  *   0.76969600  *
 


          CARTESIAN COORDINATES 

    NO.       ATOM           X           Y           Z

     1         H         14.5801      8.4614      5.9845
     2         C         13.7847      8.4724      5.4649
     3         C         13.4948      7.3962      4.6033
     4         C         12.9240      9.5374      5.5576
     5         C         12.3318      7.4909      3.8120
     6         N         14.3368      6.2945      4.5370
     7         H         13.1212     10.2415      6.1644
     8         C         11.7668      9.6109      4.7825
     9         C         11.4838      8.6016      3.9132
    10         S         11.8128      6.2495      2.7418
    11         C         14.2994      5.3486      3.5144
    12         C         15.4024      6.1585      5.5453
    13         H         11.1830     10.3566      4.8601
    14         H         10.7051      8.6509      3.3713
    15         C         13.2085      5.2539      2.6208
    16         C         15.3597      4.4462      3.3380
    17         H         15.5712      5.2088      5.7162
    18         H         16.2217      6.5818      5.2135
    19         H         15.1227      6.5957      6.3767
    20         C         13.1878      4.2813      1.6094
    21         H         16.1128      4.4873      3.9156
    22         C         15.3193      3.5037      2.3374
    23         H         12.4410      4.2216      1.0252
    24         C         14.2378      3.4212      1.4626
    25         H         16.0436      2.8972      2.2406
    26         H         14.2310      2.7716      0.7697

 General Reference for PM7:
 "Optimization of Parameters for Semiempirical Methods VI: More Modifications to the 
 NDDO Approximations and Re-optimization of Parameters", J. J. P. Stewart, J. Mol. Mod., 1:32, 19 (2013)
 http://www.springerlink.com/openurl.asp?genre=article&id=doi:10.1007/s00894-012-1667-x

           Empirical Formula: C13 H11 N S  =    26 atoms



      MOLECULAR POINT GROUP   :   Cs  

          COMPUTED CHARGE ON SYSTEM: +0

   COMPUTED CHARGE ON SYSTEM = +0. THIS AGREES WITH THE CHARGE IN THE DATA-SET.

          JOB STOPPED HERE BECAUSE KEYWORD "CHARGES" WAS USED

 ******************************************************************************
 *                                                                            *
 *     Error and normal termination messages reported in this calculation     *
 *                                                                            *
 * JOB STOPPED HERE BECAUSE KEYWORD "CHARGES" WAS USED                        *
 * JOB ENDED NORMALLY                                                         *
 *                                                                            *
 ******************************************************************************



 TOTAL JOB TIME:             0.00 SECONDS

 == MOPAC DONE ==
