 *******************************************************************************
 ** Site#: 29200        For non-commercial use only    Version 19.090L 64BITS **
 *******************************************************************************
 ** Cite this program as: MOPAC2016, Version: 19.090L, James J. P. Stewart,   **
 ** Stewart Computational Chemistry, web: HTTP://OpenMOPAC.net. Days left: 175**
 *******************************************************************************
 **                                                                           **
 **                                MOPAC2016                                  **
 **                                                                           **
 *******************************************************************************

                              PM7 CALCULATION RESULTS

 *******************************************************************************
 *  CALCULATION DONE:                                Mon Oct  7 21:33:12 2019  *
 *  CHARGES    - IDENTIFY AND PRINT CHARGED ATOMS
 *  T=         - A TIME OF 172800.0 SECONDS REQUESTED
 *  DUMP=N     - RESTART FILE WRITTEN EVERY  7200.000 SECONDS
 *******************************************************************************
CHARGES


   ATOM   CHEMICAL          X               Y               Z
  NUMBER   SYMBOL      (ANGSTROMS)     (ANGSTROMS)     (ANGSTROMS)
 
     1       C         16.11161900  *  10.51997400  *   2.18903000  *
     2       S         16.01909900  *   8.69415800  *   2.14931200  *
     3       F         17.33853300  *  10.95166900  *   2.43844600  *
     4       F         15.70529400  *  11.06285100  *   1.04462100  *
     5       F         15.31139700  *  10.97250100  *   3.15562700  *
     6       N         17.12104400  *   8.27616600  *   1.09501800  *
     7       O         14.66548900  *   8.42110400  *   1.79146000  *
     8       O         16.48877200  *   8.30401700  *   3.44191100  *
     9       S         16.85522400  *   8.13635300  *  -0.45339500  *
    10       C         16.25626600  *   6.42027000  *  -0.63665600  *
    11       O         15.79764000  *   8.94292500  *  -0.98666400  *
    12       O         18.11942200  *   8.12187000  *  -1.11794100  *
    13       F         15.09166400  *   6.23422400  *  -0.03752300  *
    14       F         16.09263100  *   6.13574200  *  -1.92548800  *
    15       F         17.13191800  *   5.55599000  *  -0.13750700  *
 


          CARTESIAN COORDINATES 

    NO.       ATOM           X           Y           Z

     1         C         16.1116     10.5200      2.1890
     2         S         16.0191      8.6942      2.1493
     3         F         17.3385     10.9517      2.4384
     4         F         15.7053     11.0629      1.0446
     5         F         15.3114     10.9725      3.1556
     6         N         17.1210      8.2762      1.0950
     7         O         14.6655      8.4211      1.7915
     8         O         16.4888      8.3040      3.4419
     9         S         16.8552      8.1364     -0.4534
    10         C         16.2563      6.4203     -0.6367
    11         O         15.7976      8.9429     -0.9867
    12         O         18.1194      8.1219     -1.1179
    13         F         15.0917      6.2342     -0.0375
    14         F         16.0926      6.1357     -1.9255
    15         F         17.1319      5.5560     -0.1375

 General Reference for PM7:
 "Optimization of Parameters for Semiempirical Methods VI: More Modifications to the 
 NDDO Approximations and Re-optimization of Parameters", J. J. P. Stewart, J. Mol. Mod., 1:32, 19 (2013)
 http://www.springerlink.com/openurl.asp?genre=article&id=doi:10.1007/s00894-012-1667-x

           Empirical Formula: C2 N O4 S2 F6  =    15 atoms



      MOLECULAR POINT GROUP   :   C2  

   TOPOGRAPHY OF SYSTEM

   ATOM No.    LABEL   Atoms connected to this atom
      1          C      2      3      4      5
      2          S      7      8      6      1
      3          F      1
      4          F      1
      5          F      1
      6          N      2      9
      7          O      2
      8          O      2
      9          S     11     12      6     10
     10          C      9     13     14     15
     11          O      9
     12          O      9
     13          F     10
     14          F     10
     15          F     10

     Ion Atom No.  Type    Charge
 
    1       6      N       +1

          COMPUTED CHARGE ON SYSTEM: +1

          COMPUTED CHARGE ON SYSTEM: +1

          JOB STOPPED HERE BECAUSE KEYWORD "CHARGES" WAS USED

 ******************************************************************************
 *                                                                            *
 *     Error and normal termination messages reported in this calculation     *
 *                                                                            *
 * JOB STOPPED HERE BECAUSE KEYWORD "CHARGES" WAS USED                        *
 * JOB ENDED NORMALLY                                                         *
 *                                                                            *
 ******************************************************************************



 TOTAL JOB TIME:             0.00 SECONDS

 == MOPAC DONE ==
