 *******************************************************************************
 ** Site#: 29200        For non-commercial use only    Version 19.090L 64BITS **
 *******************************************************************************
 ** Cite this program as: MOPAC2016, Version: 19.090L, James J. P. Stewart,   **
 ** Stewart Computational Chemistry, web: HTTP://OpenMOPAC.net. Days left: 175**
 *******************************************************************************
 **                                                                           **
 **                                MOPAC2016                                  **
 **                                                                           **
 *******************************************************************************

                              PM7 CALCULATION RESULTS

 *******************************************************************************
 *  CALCULATION DONE:                                Mon Oct  7 22:32:18 2019  *
 *  CHARGES    - IDENTIFY AND PRINT CHARGED ATOMS
 *  T=         - A TIME OF 172800.0 SECONDS REQUESTED
 *  DUMP=N     - RESTART FILE WRITTEN EVERY  7200.000 SECONDS
 *******************************************************************************
CHARGES


   ATOM   CHEMICAL          X               Y               Z
  NUMBER   SYMBOL      (ANGSTROMS)     (ANGSTROMS)     (ANGSTROMS)
 
     1       H          4.01869600  *   9.77878600  *   2.00496100  *
     2       C          3.29841000  *   9.83037700  *   1.38755600  *
     3       C          3.25474000  *  10.88426800  *   0.45666000  *
     4       C          2.31660300  *   8.87675000  *   1.41477000  *
     5       C          2.20009100  *  10.86644400  *  -0.49346400  *
     6       N          4.20133500  *  11.89939100  *   0.49281000  *
     7       H          2.35851300  *   8.18635100  *   2.06567200  *
     8       C          1.25763900  *   8.89680300  *   0.51090400  *
     9       C          1.20965300  *   9.87493900  *  -0.44346500  *
    10       S          2.00883900  *  12.03541600  *  -1.73325700  *
    11       C          4.30904400  *  12.91072500  *  -0.45651400  *
    12       C          5.09908100  *  11.95152800  *   1.65637200  *
    13       H          0.57558600  *   8.23649500  *   0.55658400  *
    14       H          0.50095000  *   9.88350600  *  -1.07614400  *
    15       C          3.37781100  *  13.05332400  *  -1.50668300  *
    16       C          5.36680000  *  13.83204500  *  -0.40060200  *
    17       H          5.32325000  *  12.88433400  *   1.85482800  *
    18       H          5.91961900  *  11.45314700  *   1.45843300  *
    19       H          4.65279700  *  11.55053700  *   2.43148400  *
    20       C          3.49932900  *  14.09496100  *  -2.42740700  *
    21       H          6.01949100  *  13.75574400  *   0.28533000  *
    22       C          5.47019300  *  14.84137400  *  -1.32259800  *
    23       H          2.85697700  *  14.18681400  *  -3.12130200  *
    24       C          4.53516300  *  14.98620100  *  -2.34059000  *
    25       H          6.19486300  *  15.45291000  *  -1.26481700  *
    26       H          4.61352800  *  15.69557200  *  -2.96805800  *
 


          CARTESIAN COORDINATES 

    NO.       ATOM           X           Y           Z

     1         H          4.0187      9.7788      2.0050
     2         C          3.2984      9.8304      1.3876
     3         C          3.2547     10.8843      0.4567
     4         C          2.3166      8.8767      1.4148
     5         C          2.2001     10.8664     -0.4935
     6         N          4.2013     11.8994      0.4928
     7         H          2.3585      8.1864      2.0657
     8         C          1.2576      8.8968      0.5109
     9         C          1.2097      9.8749     -0.4435
    10         S          2.0088     12.0354     -1.7333
    11         C          4.3090     12.9107     -0.4565
    12         C          5.0991     11.9515      1.6564
    13         H          0.5756      8.2365      0.5566
    14         H          0.5010      9.8835     -1.0761
    15         C          3.3778     13.0533     -1.5067
    16         C          5.3668     13.8320     -0.4006
    17         H          5.3232     12.8843      1.8548
    18         H          5.9196     11.4531      1.4584
    19         H          4.6528     11.5505      2.4315
    20         C          3.4993     14.0950     -2.4274
    21         H          6.0195     13.7557      0.2853
    22         C          5.4702     14.8414     -1.3226
    23         H          2.8570     14.1868     -3.1213
    24         C          4.5352     14.9862     -2.3406
    25         H          6.1949     15.4529     -1.2648
    26         H          4.6135     15.6956     -2.9681

 General Reference for PM7:
 "Optimization of Parameters for Semiempirical Methods VI: More Modifications to the 
 NDDO Approximations and Re-optimization of Parameters", J. J. P. Stewart, J. Mol. Mod., 1:32, 19 (2013)
 http://www.springerlink.com/openurl.asp?genre=article&id=doi:10.1007/s00894-012-1667-x

           Empirical Formula: C13 H11 N S  =    26 atoms



      MOLECULAR POINT GROUP   :   Cs  

          COMPUTED CHARGE ON SYSTEM: +0

   COMPUTED CHARGE ON SYSTEM = +0. THIS AGREES WITH THE CHARGE IN THE DATA-SET.

          JOB STOPPED HERE BECAUSE KEYWORD "CHARGES" WAS USED

 ******************************************************************************
 *                                                                            *
 *     Error and normal termination messages reported in this calculation     *
 *                                                                            *
 * JOB STOPPED HERE BECAUSE KEYWORD "CHARGES" WAS USED                        *
 * JOB ENDED NORMALLY                                                         *
 *                                                                            *
 ******************************************************************************



 TOTAL JOB TIME:             0.00 SECONDS

 == MOPAC DONE ==
