 *******************************************************************************
 ** Site#: 29200        For non-commercial use only    Version 19.090L 64BITS **
 *******************************************************************************
 ** Cite this program as: MOPAC2016, Version: 19.090L, James J. P. Stewart,   **
 ** Stewart Computational Chemistry, web: HTTP://OpenMOPAC.net. Days left: 175**
 *******************************************************************************
 **                                                                           **
 **                                MOPAC2016                                  **
 **                                                                           **
 *******************************************************************************

                              PM7 CALCULATION RESULTS

 *******************************************************************************
 *  CALCULATION DONE:                                Mon Oct  7 22:32:18 2019  *
 *  CHARGES    - IDENTIFY AND PRINT CHARGED ATOMS
 *  T=         - A TIME OF 172800.0 SECONDS REQUESTED
 *  DUMP=N     - RESTART FILE WRITTEN EVERY  7200.000 SECONDS
 *******************************************************************************
CHARGES


   ATOM   CHEMICAL          X               Y               Z
  NUMBER   SYMBOL      (ANGSTROMS)     (ANGSTROMS)     (ANGSTROMS)
 
     1       H         12.64921100  *   6.93196400  *   8.77322100  *
     2       C         11.92892600  *   6.88037300  *   8.15581600  *
     3       C         11.88525500  *   5.82648100  *   7.22492000  *
     4       C         10.94711800  *   7.83400000  *   8.18303000  *
     5       C         10.83060600  *   5.84430600  *   6.27479600  *
     6       N         12.83185000  *   4.81135900  *   7.26107000  *
     7       H         10.98902800  *   8.52439900  *   8.83393200  *
     8       C          9.88815400  *   7.81394700  *   7.27916400  *
     9       C          9.84016800  *   6.83581100  *   6.32479500  *
    10       S         10.63935400  *   4.67533400  *   5.03500200  *
    11       C         12.93955900  *   3.80002500  *   6.31174500  *
    12       C         13.72959600  *   4.75922200  *   8.42463200  *
    13       H          9.20610200  *   8.47425500  *   7.32484400  *
    14       H          9.13146500  *   6.82724400  *   5.69211600  *
    15       C         12.00832600  *   3.65742600  *   5.26157700  *
    16       C         13.99731500  *   2.87870500  *   6.36765800  *
    17       H         13.95376500  *   3.82641600  *   8.62308800  *
    18       H         14.55013400  *   5.25760300  *   8.22669300  *
    19       H         13.28331200  *   5.16021300  *   9.19974400  *
    20       C         12.12984400  *   2.61578900  *   4.34085300  *
    21       H         14.65000600  *   2.95500600  *   7.05359000  *
    22       C         14.10070800  *   1.86937600  *   5.44566100  *
    23       H         11.48749200  *   2.52393600  *   3.64695800  *
    24       C         13.16567800  *   1.72454900  *   4.42767000  *
    25       H         14.82537800  *   1.25784000  *   5.50344300  *
    26       H         13.24404400  *   1.01517800  *   3.80020200  *
 


          CARTESIAN COORDINATES 

    NO.       ATOM           X           Y           Z

     1         H         12.6492      6.9320      8.7732
     2         C         11.9289      6.8804      8.1558
     3         C         11.8853      5.8265      7.2249
     4         C         10.9471      7.8340      8.1830
     5         C         10.8306      5.8443      6.2748
     6         N         12.8318      4.8114      7.2611
     7         H         10.9890      8.5244      8.8339
     8         C          9.8882      7.8139      7.2792
     9         C          9.8402      6.8358      6.3248
    10         S         10.6394      4.6753      5.0350
    11         C         12.9396      3.8000      6.3117
    12         C         13.7296      4.7592      8.4246
    13         H          9.2061      8.4743      7.3248
    14         H          9.1315      6.8272      5.6921
    15         C         12.0083      3.6574      5.2616
    16         C         13.9973      2.8787      6.3677
    17         H         13.9538      3.8264      8.6231
    18         H         14.5501      5.2576      8.2267
    19         H         13.2833      5.1602      9.1997
    20         C         12.1298      2.6158      4.3409
    21         H         14.6500      2.9550      7.0536
    22         C         14.1007      1.8694      5.4457
    23         H         11.4875      2.5239      3.6470
    24         C         13.1657      1.7245      4.4277
    25         H         14.8254      1.2578      5.5034
    26         H         13.2440      1.0152      3.8002

 General Reference for PM7:
 "Optimization of Parameters for Semiempirical Methods VI: More Modifications to the 
 NDDO Approximations and Re-optimization of Parameters", J. J. P. Stewart, J. Mol. Mod., 1:32, 19 (2013)
 http://www.springerlink.com/openurl.asp?genre=article&id=doi:10.1007/s00894-012-1667-x

           Empirical Formula: C13 H11 N S  =    26 atoms



      MOLECULAR POINT GROUP   :   Cs  

          COMPUTED CHARGE ON SYSTEM: +0

   COMPUTED CHARGE ON SYSTEM = +0. THIS AGREES WITH THE CHARGE IN THE DATA-SET.

          JOB STOPPED HERE BECAUSE KEYWORD "CHARGES" WAS USED

 ******************************************************************************
 *                                                                            *
 *     Error and normal termination messages reported in this calculation     *
 *                                                                            *
 * JOB STOPPED HERE BECAUSE KEYWORD "CHARGES" WAS USED                        *
 * JOB ENDED NORMALLY                                                         *
 *                                                                            *
 ******************************************************************************



 TOTAL JOB TIME:             0.00 SECONDS

 == MOPAC DONE ==
