 *******************************************************************************
 ** Site#: 29200        For non-commercial use only    Version 19.090L 64BITS **
 *******************************************************************************
 ** Cite this program as: MOPAC2016, Version: 19.090L, James J. P. Stewart,   **
 ** Stewart Computational Chemistry, web: HTTP://OpenMOPAC.net. Days left: 175**
 *******************************************************************************
 **                                                                           **
 **                                MOPAC2016                                  **
 **                                                                           **
 *******************************************************************************

                              PM7 CALCULATION RESULTS

 *******************************************************************************
 *  CALCULATION DONE:                                Mon Oct  7 21:30:45 2019  *
 *  CHARGES    - IDENTIFY AND PRINT CHARGED ATOMS
 *  T=         - A TIME OF 172800.0 SECONDS REQUESTED
 *  DUMP=N     - RESTART FILE WRITTEN EVERY  7200.000 SECONDS
 *******************************************************************************
CHARGES


   ATOM   CHEMICAL          X               Y               Z
  NUMBER   SYMBOL      (ANGSTROMS)     (ANGSTROMS)     (ANGSTROMS)
 
     1       C          5.75704400  *   5.13365500  *   1.27983600  *
     2       S          5.99435600  *   3.49050300  *   0.49045600  *
     3       F          4.88704000  *   5.08540900  *   2.26757400  *
     4       F          6.89082900  *   5.60037400  *   1.77023800  *
     5       F          5.30764600  *   5.98483500  *   0.37007300  *
     6       N          6.68380400  *   2.63390700  *   1.62207900  *
     7       O          6.97090100  *   3.73904200  *  -0.53111500  *
     8       O          4.68341700  *   3.08223400  *   0.09717600  *
     9       S          5.87520200  *   1.85793200  *   2.73194100  *
    10       C          5.70178200  *   0.16980800  *   2.03993300  *
    11       O          4.53115600  *   2.28308000  *   2.95966500  *
    12       O          6.72579000  *   1.68018800  *   3.87009200  *
    13       F          5.01366200  *   0.17925500  *   0.90801200  *
    14       F          5.05589700  *  -0.59546000  *   2.91290600  *
    15       F          6.88726100  *  -0.37148600  *   1.79984400  *
 


          CARTESIAN COORDINATES 

    NO.       ATOM           X           Y           Z

     1         C          5.7570      5.1337      1.2798
     2         S          5.9944      3.4905      0.4905
     3         F          4.8870      5.0854      2.2676
     4         F          6.8908      5.6004      1.7702
     5         F          5.3076      5.9848      0.3701
     6         N          6.6838      2.6339      1.6221
     7         O          6.9709      3.7390     -0.5311
     8         O          4.6834      3.0822      0.0972
     9         S          5.8752      1.8579      2.7319
    10         C          5.7018      0.1698      2.0399
    11         O          4.5312      2.2831      2.9597
    12         O          6.7258      1.6802      3.8701
    13         F          5.0137      0.1793      0.9080
    14         F          5.0559     -0.5955      2.9129
    15         F          6.8873     -0.3715      1.7998

 General Reference for PM7:
 "Optimization of Parameters for Semiempirical Methods VI: More Modifications to the 
 NDDO Approximations and Re-optimization of Parameters", J. J. P. Stewart, J. Mol. Mod., 1:32, 19 (2013)
 http://www.springerlink.com/openurl.asp?genre=article&id=doi:10.1007/s00894-012-1667-x

           Empirical Formula: C2 N O4 S2 F6  =    15 atoms



      MOLECULAR POINT GROUP   :   C2  

   TOPOGRAPHY OF SYSTEM

   ATOM No.    LABEL   Atoms connected to this atom
      1          C      2      3      4      5
      2          S      7      8      6      1
      3          F      1
      4          F      1
      5          F      1
      6          N      2      9
      7          O      2
      8          O      2
      9          S     11     12      6     10
     10          C      9     13     14     15
     11          O      9
     12          O      9
     13          F     10
     14          F     10
     15          F     10

     Ion Atom No.  Type    Charge
 
    1       6      N       +1

          COMPUTED CHARGE ON SYSTEM: +1

          COMPUTED CHARGE ON SYSTEM: +1

          JOB STOPPED HERE BECAUSE KEYWORD "CHARGES" WAS USED

 ******************************************************************************
 *                                                                            *
 *     Error and normal termination messages reported in this calculation     *
 *                                                                            *
 * JOB STOPPED HERE BECAUSE KEYWORD "CHARGES" WAS USED                        *
 * JOB ENDED NORMALLY                                                         *
 *                                                                            *
 ******************************************************************************



 TOTAL JOB TIME:             0.00 SECONDS

 == MOPAC DONE ==
