Job 474860 running on SLURM NODELIST: cnode130 
/scratch/qai222/localpkg/anaconda3/envs/ocelot_fireworks/lib/python3.8/site-packages/ocelot-0.2-py3.8.egg/ocelot/task/wtuning.py:165: UserWarning: tuning cycle went over max cycles
  warnings.warn('tuning cycle went over max cycles')
 
 Func-count     x          f(x)          Procedure
    1       0.221885     0.508163        initial
    2       0.328115    0.0594528        golden
    3       0.393769      0.29027        golden
    4       0.321904    0.0336809        parabolic
    5         0.2837     0.141859        golden
    6        0.31181   0.00961341        parabolic
    7       0.305839    0.0362014        parabolic
    8       0.314056  0.000400851        parabolic
    9       0.315414   0.00629457        parabolic
   10       0.313723   0.00130669        parabolic
   11       0.314389   0.00188597        parabolic

Optimization terminated successfully;
The returned value satisfies the termination criteria
(using xtol =  0.001 )
