 *******************************************************************************
 ** Site#: 29200        For non-commercial use only    Version 19.090L 64BITS **
 *******************************************************************************
 ** Cite this program as: MOPAC2016, Version: 19.090L, James J. P. Stewart,   **
 ** Stewart Computational Chemistry, web: HTTP://OpenMOPAC.net. Days left: 175**
 *******************************************************************************
 **                                                                           **
 **                                MOPAC2016                                  **
 **                                                                           **
 *******************************************************************************

                              PM7 CALCULATION RESULTS

 *******************************************************************************
 *  CALCULATION DONE:                                Mon Oct  7 21:31:07 2019  *
 *  CHARGES    - IDENTIFY AND PRINT CHARGED ATOMS
 *  T=         - A TIME OF 172800.0 SECONDS REQUESTED
 *  DUMP=N     - RESTART FILE WRITTEN EVERY  7200.000 SECONDS
 *******************************************************************************
CHARGES


   ATOM   CHEMICAL          X               Y               Z
  NUMBER   SYMBOL      (ANGSTROMS)     (ANGSTROMS)     (ANGSTROMS)
 
     1       H          1.50263200  *   1.43244100  *  20.52350500  *
     2       C          1.97821700  *   1.37081300  *  21.34359600  *
     3       C          1.28860900  *   1.55331500  *  22.56683800  *
     4       C          3.32321200  *   1.10591200  *  21.32773500  *
     5       C          2.03347900  *   1.37762300  *  23.75617600  *
     6       N         -0.06394500  *   1.89782300  *  22.57802500  *
     7       H          3.76467900  *   0.98620900  *  20.49510200  *
     8       C          4.05674400  *   1.00921200  *  22.51188600  *
     9       C          3.41504400  *   1.12974600  *  23.71680100  *
    10       S          1.34438200  *   1.45219000  *  25.33068300  *
    11       C         -0.86080900  *   1.92581100  *  23.71621100  *
    12       C         -0.68562400  *   2.35278600  *  21.30593800  *
    13       H          4.99466500  *   0.86146700  *  22.48259700  *
    14       H          3.90531800  *   1.04488200  *  24.52599900  *
    15       C         -0.32718300  *   1.70449300  *  25.01161200  *
    16       C         -2.24717500  *   2.20365100  *  23.62887000  *
    17       H         -1.30442200  *   3.09934400  *  21.50647100  *
    18       H          0.02625200  *   2.70579200  *  20.71530200  *
    19       C         -1.44990200  *   1.28024200  *  20.55440300  *
    20       C         -1.14519200  *   1.75965200  *  26.15077200  *
    21       H         -2.64847700  *   2.33246500  *  22.77745200  *
    22       C         -3.01788900  *   2.29013600  *  24.76530800  *
    23       H         -1.96846100  *   1.68934800  *  19.81702000  *
    24       H         -2.08306200  *   0.82644400  *  21.16544500  *
    25       O         -0.52708900  *   0.34008100  *  20.03127600  *
    26       H         -0.77532100  *   1.58088800  *  27.00728300  *
    27       C         -2.47619300  *   2.07017900  *  26.03348400  *
    28       H         -3.94006900  *   2.50394300  *  24.68550400  *
    29       C         -1.17675600  *  -0.63671600  *  19.20600000  *
    30       H         -3.02377200  *   2.13533500  *  26.80707300  *
    31       H         -1.69523300  *  -1.26386500  *  19.76988700  *
    32       H         -1.80177500  *  -0.18946200  *  18.58203000  *
    33       C         -0.13432600  *  -1.38579400  *  18.43514200  *
    34       H          0.42988400  *  -0.74891500  *  17.92873800  *
    35       H         -0.56954200  *  -1.99604100  *  17.78874100  *
    36       O          0.67357000  *  -2.13398700  *  19.33548600  *
    37       C          1.69924800  *  -2.84581500  *  18.65925500  *
    38       H          2.23161800  *  -2.22167700  *  18.12339700  *
    39       H          2.27714500  *  -3.28839800  *  19.31549500  *
    40       H          1.29668900  *  -3.51948900  *  18.07196400  *
 


          CARTESIAN COORDINATES 

    NO.       ATOM           X           Y           Z

     1         H          1.5026      1.4324     20.5235
     2         C          1.9782      1.3708     21.3436
     3         C          1.2886      1.5533     22.5668
     4         C          3.3232      1.1059     21.3277
     5         C          2.0335      1.3776     23.7562
     6         N         -0.0639      1.8978     22.5780
     7         H          3.7647      0.9862     20.4951
     8         C          4.0567      1.0092     22.5119
     9         C          3.4150      1.1297     23.7168
    10         S          1.3444      1.4522     25.3307
    11         C         -0.8608      1.9258     23.7162
    12         C         -0.6856      2.3528     21.3059
    13         H          4.9947      0.8615     22.4826
    14         H          3.9053      1.0449     24.5260
    15         C         -0.3272      1.7045     25.0116
    16         C         -2.2472      2.2037     23.6289
    17         H         -1.3044      3.0993     21.5065
    18         H          0.0263      2.7058     20.7153
    19         C         -1.4499      1.2802     20.5544
    20         C         -1.1452      1.7597     26.1508
    21         H         -2.6485      2.3325     22.7775
    22         C         -3.0179      2.2901     24.7653
    23         H         -1.9685      1.6893     19.8170
    24         H         -2.0831      0.8264     21.1654
    25         O         -0.5271      0.3401     20.0313
    26         H         -0.7753      1.5809     27.0073
    27         C         -2.4762      2.0702     26.0335
    28         H         -3.9401      2.5039     24.6855
    29         C         -1.1768     -0.6367     19.2060
    30         H         -3.0238      2.1353     26.8071
    31         H         -1.6952     -1.2639     19.7699
    32         H         -1.8018     -0.1895     18.5820
    33         C         -0.1343     -1.3858     18.4351
    34         H          0.4299     -0.7489     17.9287
    35         H         -0.5695     -1.9960     17.7887
    36         O          0.6736     -2.1340     19.3355
    37         C          1.6992     -2.8458     18.6593
    38         H          2.2316     -2.2217     18.1234
    39         H          2.2771     -3.2884     19.3155
    40         H          1.2967     -3.5195     18.0720

 General Reference for PM7:
 "Optimization of Parameters for Semiempirical Methods VI: More Modifications to the 
 NDDO Approximations and Re-optimization of Parameters", J. J. P. Stewart, J. Mol. Mod., 1:32, 19 (2013)
 http://www.springerlink.com/openurl.asp?genre=article&id=doi:10.1007/s00894-012-1667-x

           Empirical Formula: C17 H19 N O2 S  =    40 atoms



      MOLECULAR POINT GROUP   :   C1  

          COMPUTED CHARGE ON SYSTEM: +0

   COMPUTED CHARGE ON SYSTEM = +0. THIS AGREES WITH THE CHARGE IN THE DATA-SET.

          JOB STOPPED HERE BECAUSE KEYWORD "CHARGES" WAS USED

 ******************************************************************************
 *                                                                            *
 *     Error and normal termination messages reported in this calculation     *
 *                                                                            *
 * JOB STOPPED HERE BECAUSE KEYWORD "CHARGES" WAS USED                        *
 * JOB ENDED NORMALLY                                                         *
 *                                                                            *
 ******************************************************************************



 TOTAL JOB TIME:             0.00 SECONDS

 == MOPAC DONE ==
